Mar 20 23:02:51 localhost kernel: imklog 5.8.10, log source = /proc/kmsg started.
Mar 20 23:02:51 localhost rsyslogd: [origin software="rsyslogd" swVersion="5.8.10" x-pid="1037" x-info="http://www.rsyslog.com"] start
Mar 20 23:02:51 localhost kernel: Initializing cgroup subsys cpuset
Mar 20 23:02:51 localhost kernel: Initializing cgroup subsys cpu
Mar 20 23:02:51 localhost kernel: Linux version 2.6.32-642.el6.x86_64 (mockbuild@worker1.bsys.centos.org) (gcc version 4.4.7 20120313 (Red Hat 4.4.7-17) (GCC) ) #1 SMP Tue May 10 17:27:01 UTC 2016
Mar 20 23:02:51 localhost kernel: Command line: ro root=/dev/mapper/VolGroup-lv_root rd_NO_LUKS LANG=en_US.UTF-8 rd_NO_MD rd_LVM_LV=VolGroup/lv_swap SYSFONT=latarcyrheb-sun16 crashkernel=auto rd_LVM_LV=VolGroup/lv_root  KEYBOARDTYPE=pc KEYTABLE=us rd_NO_DM rhgb quiet
Mar 20 23:02:51 localhost kernel: KERNEL supported cpus:
Mar 20 23:02:51 localhost kernel:  Intel GenuineIntel
Mar 20 23:02:51 localhost kernel:  AMD AuthenticAMD
Mar 20 23:02:51 localhost kernel:  Centaur CentaurHauls
Mar 20 23:02:51 localhost kernel: BIOS-provided physical RAM map:
Mar 20 23:02:51 localhost kernel: BIOS-e820: 0000000000000000 - 000000000009fc00 (usable)
Mar 20 23:02:51 localhost kernel: BIOS-e820: 000000000009fc00 - 00000000000a0000 (reserved)
Mar 20 23:02:51 localhost kernel: BIOS-e820: 00000000000f0000 - 0000000000100000 (reserved)
Mar 20 23:02:51 localhost kernel: BIOS-e820: 0000000000100000 - 000000003fff0000 (usable)
Mar 20 23:02:51 localhost kernel: BIOS-e820: 000000003fff0000 - 0000000040000000 (ACPI data)
Mar 20 23:02:51 localhost kernel: BIOS-e820: 00000000fec00000 - 00000000fec01000 (reserved)
Mar 20 23:02:51 localhost kernel: BIOS-e820: 00000000fee00000 - 00000000fee01000 (reserved)
Mar 20 23:02:51 localhost kernel: BIOS-e820: 00000000fffc0000 - 0000000100000000 (reserved)
Mar 20 23:02:51 localhost kernel: SMBIOS version 2.5 @ 0xFFF60
Mar 20 23:02:51 localhost kernel: SMBIOS 2.5 present.
Mar 20 23:02:51 localhost kernel: Hypervisor detected: KVM
Mar 20 23:02:51 localhost kernel: last_pfn = 0x3fff0 max_arch_pfn = 0x400000000
Mar 20 23:02:51 localhost kernel: x86 PAT enabled: cpu 0, old 0x7040600070406, new 0x7010600070106
Mar 20 23:02:51 localhost kernel: CPU MTRRs all blank - virtualized system.
Mar 20 23:02:51 localhost kernel: init_memory_mapping: 0000000000000000-000000003fff0000
Mar 20 23:02:51 localhost kernel: RAMDISK: 36c48000 - 37fefdee
Mar 20 23:02:51 localhost kernel: ACPI: RSDP 00000000000e0000 00024 (v02 VBOX  )
Mar 20 23:02:51 localhost kernel: ACPI: XSDT 000000003fff0030 0003C (v01 VBOX   VBOXXSDT 00000001 ASL  00000061)
Mar 20 23:02:51 localhost kernel: ACPI: FACP 000000003fff00f0 000F4 (v04 VBOX   VBOXFACP 00000001 ASL  00000061)
Mar 20 23:02:51 localhost kernel: ACPI: DSDT 000000003fff0470 021C8 (v02 VBOX   VBOXBIOS 00000002 INTL 20100528)
Mar 20 23:02:51 localhost kernel: ACPI: FACS 000000003fff0200 00040
Mar 20 23:02:51 localhost kernel: ACPI: APIC 000000003fff0240 00054 (v02 VBOX   VBOXAPIC 00000001 ASL  00000061)
Mar 20 23:02:51 localhost kernel: ACPI: SSDT 000000003fff02a0 001CC (v01 VBOX   VBOXCPUT 00000002 INTL 20100528)
Mar 20 23:02:51 localhost kernel: Setting APIC routing to flat.
Mar 20 23:02:51 localhost kernel: No NUMA configuration found
Mar 20 23:02:51 localhost kernel: Faking a node at 0000000000000000-000000003fff0000
Mar 20 23:02:51 localhost kernel: Bootmem setup node 0 0000000000000000-000000003fff0000
Mar 20 23:02:51 localhost kernel:  NODE_DATA [0000000000009000 - 000000000003cfff]
Mar 20 23:02:51 localhost kernel:  bootmap [000000000003d000 -  0000000000044fff] pages 8
Mar 20 23:02:51 localhost kernel: (7 early reservations) ==> bootmem [0000000000 - 003fff0000]
Mar 20 23:02:51 localhost kernel:  #0 [0000000000 - 0000001000]   BIOS data page ==> [0000000000 - 0000001000]
Mar 20 23:02:51 localhost kernel:  #1 [0000006000 - 0000008000]       TRAMPOLINE ==> [0000006000 - 0000008000]
Mar 20 23:02:51 localhost kernel:  #2 [0001000000 - 0002044924]    TEXT DATA BSS ==> [0001000000 - 0002044924]
Mar 20 23:02:51 localhost kernel:  #3 [0036c48000 - 0037fefdee]          RAMDISK ==> [0036c48000 - 0037fefdee]
Mar 20 23:02:51 localhost kernel:  #4 [000009f800 - 0000100000]    BIOS reserved ==> [000009f800 - 0000100000]
Mar 20 23:02:51 localhost kernel:  #5 [0002045000 - 000204513c]              BRK ==> [0002045000 - 000204513c]
Mar 20 23:02:51 localhost kernel:  #6 [0000008000 - 0000009000]          PGTABLE ==> [0000008000 - 0000009000]
Mar 20 23:02:51 localhost kernel: found SMP MP-table at [ffff88000009fff0] 9fff0
Mar 20 23:02:51 localhost kernel: crashkernel=auto resulted in zero bytes of reserved memory.
Mar 20 23:02:51 localhost kernel: kvm-clock: Using msrs 4b564d01 and 4b564d00
Mar 20 23:02:51 localhost kernel: kvm-clock: cpu 0, msr 0:1c38e41, boot clock
Mar 20 23:02:51 localhost kernel: Zone PFN ranges:
Mar 20 23:02:51 localhost kernel:  DMA      0x00000001 -> 0x00001000
Mar 20 23:02:51 localhost kernel:  DMA32    0x00001000 -> 0x00100000
Mar 20 23:02:51 localhost kernel:  Normal   0x00100000 -> 0x00100000
Mar 20 23:02:51 localhost kernel: Movable zone start PFN for each node
Mar 20 23:02:51 localhost kernel: early_node_map[2] active PFN ranges
Mar 20 23:02:51 localhost kernel:    0: 0x00000001 -> 0x0000009f
Mar 20 23:02:51 localhost kernel:    0: 0x00000100 -> 0x0003fff0
Mar 20 23:02:51 localhost kernel: ACPI: PM-Timer IO Port: 0x4008
Mar 20 23:02:51 localhost kernel: Setting APIC routing to flat.
Mar 20 23:02:51 localhost kernel: ACPI: LAPIC (acpi_id[0x00] lapic_id[0x00] enabled)
Mar 20 23:02:51 localhost kernel: ACPI: IOAPIC (id[0x01] address[0xfec00000] gsi_base[0])
Mar 20 23:02:51 localhost kernel: IOAPIC[0]: apic_id 1, version 32, address 0xfec00000, GSI 0-23
Mar 20 23:02:51 localhost kernel: ACPI: INT_SRC_OVR (bus 0 bus_irq 0 global_irq 2 dfl dfl)
Mar 20 23:02:51 localhost kernel: ACPI: INT_SRC_OVR (bus 0 bus_irq 9 global_irq 9 high level)
Mar 20 23:02:51 localhost kernel: Using ACPI (MADT) for SMP configuration information
Mar 20 23:02:51 localhost kernel: SMP: Allowing 1 CPUs, 0 hotplug CPUs
Mar 20 23:02:51 localhost kernel: PM: Registered nosave memory: 000000000009f000 - 00000000000a0000
Mar 20 23:02:51 localhost kernel: PM: Registered nosave memory: 00000000000a0000 - 00000000000f0000
Mar 20 23:02:51 localhost kernel: PM: Registered nosave memory: 00000000000f0000 - 0000000000100000
Mar 20 23:02:51 localhost kernel: Allocating PCI resources starting at 40000000 (gap: 40000000:bec00000)
Mar 20 23:02:51 localhost kernel: Booting paravirtualized kernel on KVM
Mar 20 23:02:51 localhost kernel: NR_CPUS:4096 nr_cpumask_bits:1 nr_cpu_ids:1 nr_node_ids:1
Mar 20 23:02:51 localhost kernel: PERCPU: Embedded 31 pages/cpu @ffff880002200000 s96600 r8192 d22184 u2097152
Mar 20 23:02:51 localhost kernel: pcpu-alloc: s96600 r8192 d22184 u2097152 alloc=1*2097152
Mar 20 23:02:51 localhost kernel: pcpu-alloc: [0] 0 
Mar 20 23:02:51 localhost kernel: kvm-clock: cpu 0, msr 0:2216e41, primary cpu clock
Mar 20 23:02:51 localhost kernel: Built 1 zonelists in Node order, mobility grouping on.  Total pages: 258346
Mar 20 23:02:51 localhost kernel: Policy zone: DMA32
Mar 20 23:02:51 localhost kernel: Kernel command line: ro root=/dev/mapper/VolGroup-lv_root rd_NO_LUKS LANG=en_US.UTF-8 rd_NO_MD rd_LVM_LV=VolGroup/lv_swap SYSFONT=latarcyrheb-sun16  rd_LVM_LV=VolGroup/lv_root  KEYBOARDTYPE=pc KEYTABLE=us rd_NO_DM rhgb quiet
Mar 20 23:02:51 localhost kernel: PID hash table entries: 4096 (order: 3, 32768 bytes)
Mar 20 23:02:51 localhost kernel: x86/fpu: xstate_offset[2]: 0240, xstate_sizes[2]: 0100
Mar 20 23:02:51 localhost kernel: xsave/xrstor: enabled xstate_bv 0x7, cntxt size 0x340
Mar 20 23:02:51 localhost kernel: Memory: 996368k/1048512k available (5455k kernel code, 392k absent, 51752k reserved, 6964k data, 1316k init)
Mar 20 23:02:51 localhost kernel: Hierarchical RCU implementation.
Mar 20 23:02:51 localhost kernel: NR_IRQS:33024 nr_irqs:256
Mar 20 23:02:51 localhost kernel: Console: colour VGA+ 80x25
Mar 20 23:02:51 localhost kernel: console [tty0] enabled
Mar 20 23:02:51 localhost kernel: allocated 4194304 bytes of page_cgroup
Mar 20 23:02:51 localhost kernel: please try 'cgroup_disable=memory' option if you don't want memory cgroups
Mar 20 23:02:51 localhost kernel: Detected 3100.000 MHz processor.
Mar 20 23:02:51 localhost kernel: Calibrating delay loop (skipped) preset value.. 6200.00 BogoMIPS (lpj=3100000)
Mar 20 23:02:51 localhost kernel: pid_max: default: 32768 minimum: 301
Mar 20 23:02:51 localhost kernel: Security Framework initialized
Mar 20 23:02:51 localhost kernel: SELinux:  Initializing.
Mar 20 23:02:51 localhost kernel: Dentry cache hash table entries: 131072 (order: 8, 1048576 bytes)
Mar 20 23:02:51 localhost kernel: Inode-cache hash table entries: 65536 (order: 7, 524288 bytes)
Mar 20 23:02:51 localhost kernel: Mount-cache hash table entries: 256
Mar 20 23:02:51 localhost kernel: Initializing cgroup subsys ns
Mar 20 23:02:51 localhost kernel: Initializing cgroup subsys cpuacct
Mar 20 23:02:51 localhost kernel: Initializing cgroup subsys memory
Mar 20 23:02:51 localhost kernel: Initializing cgroup subsys devices
Mar 20 23:02:51 localhost kernel: Initializing cgroup subsys freezer
Mar 20 23:02:51 localhost kernel: Initializing cgroup subsys net_cls
Mar 20 23:02:51 localhost kernel: Initializing cgroup subsys blkio
Mar 20 23:02:51 localhost kernel: Initializing cgroup subsys perf_event
Mar 20 23:02:51 localhost kernel: Initializing cgroup subsys net_prio
Mar 20 23:02:51 localhost kernel: CPU: Physical Processor ID: 0
Mar 20 23:02:51 localhost kernel: mce: CPU supports 0 MCE banks
Mar 20 23:02:51 localhost kernel: using mwait in idle threads.
Mar 20 23:02:51 localhost kernel: alternatives: switching to unfair spinlock
Mar 20 23:02:51 localhost kernel: SMP alternatives: switching to UP code
Mar 20 23:02:51 localhost kernel: Freeing SMP alternatives: 37k freed
Mar 20 23:02:51 localhost kernel: ACPI: Core revision 20090903
Mar 20 23:02:51 localhost kernel: ftrace: converting mcount calls to 0f 1f 44 00 00
Mar 20 23:02:51 localhost kernel: ftrace: allocating 22342 entries in 88 pages
Mar 20 23:02:51 localhost kernel: Enabling x2apic
Mar 20 23:02:51 localhost kernel: Enabled x2apic
Mar 20 23:02:51 localhost kernel: APIC routing finalized to physical x2apic.
Mar 20 23:02:51 localhost kernel: ..TIMER: vector=0x30 apic1=0 pin1=2 apic2=-1 pin2=-1
Mar 20 23:02:51 localhost kernel: CPU0: Intel(R) Core(TM) i7-5557U CPU @ 3.10GHz stepping 04
Mar 20 23:02:51 localhost kernel: Performance Events: unsupported p6 CPU model 61 no PMU driver, software events only.
Mar 20 23:02:51 localhost kernel: NMI watchdog disabled (cpu0): hardware events not enabled
Mar 20 23:02:51 localhost kernel: Brought up 1 CPUs
Mar 20 23:02:51 localhost kernel: Total of 1 processors activated (6200.00 BogoMIPS).
Mar 20 23:02:51 localhost kernel: devtmpfs: initialized
Mar 20 23:02:51 localhost kernel: regulator: core version 0.5
Mar 20 23:02:51 localhost kernel: NET: Registered protocol family 16
Mar 20 23:02:51 localhost kernel: ACPI: bus type pci registered
Mar 20 23:02:51 localhost kernel: PCI: Using configuration type 1 for base access
Mar 20 23:02:51 localhost kernel: bio: create slab <bio-0> at 0
Mar 20 23:02:51 localhost kernel: ACPI: Executed 1 blocks of module-level executable AML code
Mar 20 23:02:51 localhost kernel: ACPI: Interpreter enabled
Mar 20 23:02:51 localhost kernel: ACPI: (supports S0 S5)
Mar 20 23:02:51 localhost kernel: ACPI: Using IOAPIC for interrupt routing
Mar 20 23:02:51 localhost kernel: ACPI: No dock devices found.
Mar 20 23:02:51 localhost kernel: PCI: Ignoring host bridge windows from ACPI; if necessary, use "pci=use_crs" and report a bug
Mar 20 23:02:51 localhost kernel: ACPI: PCI Root Bridge [PCI0] (domain 0000 [bus 00-ff])
Mar 20 23:02:51 localhost kernel: PCI host bridge to bus 0000:00
Mar 20 23:02:51 localhost kernel: pci_bus 0000:00: root bus resource [io  0x0000-0xffff]
Mar 20 23:02:51 localhost kernel: pci_bus 0000:00: root bus resource [mem 0x00000000-0x7fffffffff]
Mar 20 23:02:51 localhost kernel: pci 0000:00:07.0: quirk: [io  0x4000-0x403f] claimed by PIIX4 ACPI
Mar 20 23:02:51 localhost kernel: pci 0000:00:07.0: quirk: [io  0x4100-0x410f] claimed by PIIX4 SMB
Mar 20 23:02:51 localhost kernel: ACPI: PCI Interrupt Link [LNKA] (IRQs 5 9 10 *11)
Mar 20 23:02:51 localhost kernel: ACPI: PCI Interrupt Link [LNKB] (IRQs 5 9 10 *11)
Mar 20 23:02:51 localhost kernel: ACPI: PCI Interrupt Link [LNKC] (IRQs 5 9 *10 11)
Mar 20 23:02:51 localhost kernel: ACPI: PCI Interrupt Link [LNKD] (IRQs 5 *9 10 11)
Mar 20 23:02:51 localhost kernel: vgaarb: device added: PCI:0000:00:02.0,decodes=io+mem,owns=io+mem,locks=none
Mar 20 23:02:51 localhost kernel: vgaarb: loaded
Mar 20 23:02:51 localhost kernel: vgaarb: bridge control possible 0000:00:02.0
Mar 20 23:02:51 localhost kernel: SCSI subsystem initialized
Mar 20 23:02:51 localhost kernel: usbcore: registered new interface driver usbfs
Mar 20 23:02:51 localhost kernel: usbcore: registered new interface driver hub
Mar 20 23:02:51 localhost kernel: usbcore: registered new device driver usb
Mar 20 23:02:51 localhost kernel: PCI: Using ACPI for IRQ routing
Mar 20 23:02:51 localhost kernel: NetLabel: Initializing
Mar 20 23:02:51 localhost kernel: NetLabel:  domain hash size = 128
Mar 20 23:02:51 localhost kernel: NetLabel:  protocols = UNLABELED CIPSOv4
Mar 20 23:02:51 localhost kernel: NetLabel:  unlabeled traffic allowed by default
Mar 20 23:02:51 localhost kernel: Switching to clocksource kvm-clock
Mar 20 23:02:51 localhost kernel: pnp: PnP ACPI init
Mar 20 23:02:51 localhost kernel: ACPI: bus type pnp registered
Mar 20 23:02:51 localhost kernel: pnp: PnP ACPI: found 4 devices
Mar 20 23:02:51 localhost kernel: ACPI: ACPI bus type pnp unregistered
Mar 20 23:02:51 localhost kernel: NET: Registered protocol family 2
Mar 20 23:02:51 localhost kernel: IP route cache hash table entries: 32768 (order: 6, 262144 bytes)
Mar 20 23:02:51 localhost kernel: TCP established hash table entries: 131072 (order: 9, 2097152 bytes)
Mar 20 23:02:51 localhost kernel: TCP bind hash table entries: 65536 (order: 8, 1048576 bytes)
Mar 20 23:02:51 localhost kernel: TCP: Hash tables configured (established 131072 bind 65536)
Mar 20 23:02:51 localhost kernel: TCP reno registered
Mar 20 23:02:51 localhost kernel: NET: Registered protocol family 1
Mar 20 23:02:51 localhost kernel: pci 0000:00:00.0: Limiting direct PCI/PCI transfers
Mar 20 23:02:51 localhost kernel: pci 0000:00:01.0: Activating ISA DMA hang workarounds
Mar 20 23:02:51 localhost kernel: Trying to unpack rootfs image as initramfs...
Mar 20 23:02:51 localhost kernel: Freeing initrd memory: 20127k freed
Mar 20 23:02:51 localhost kernel: platform rtc_cmos: registered platform RTC device (no PNP device found)
Mar 20 23:02:51 localhost kernel: sha256_ssse3: Using AVX optimized SHA-256 implementation
Mar 20 23:02:51 localhost kernel: futex hash table entries: 256 (order: 2, 16384 bytes)
Mar 20 23:02:51 localhost kernel: audit: initializing netlink socket (disabled)
Mar 20 23:02:51 localhost kernel: type=2000 audit(1490065560.378:1): initialized
Mar 20 23:02:51 localhost kernel: HugeTLB registered 2 MB page size, pre-allocated 0 pages
Mar 20 23:02:51 localhost kernel: VFS: Disk quotas dquot_6.5.2
Mar 20 23:02:51 localhost kernel: Dquot-cache hash table entries: 512 (order 0, 4096 bytes)
Mar 20 23:02:51 localhost kernel: msgmni has been set to 1985
Mar 20 23:02:51 localhost kernel: ksign: Installing public key data
Mar 20 23:02:51 localhost kernel: Loading keyring
Mar 20 23:02:51 localhost kernel: - Added public key 2163146EC4595AB0
Mar 20 23:02:51 localhost kernel: - User ID: CentOS (Kernel Module GPG key)
Mar 20 23:02:51 localhost kernel: Block layer SCSI generic (bsg) driver version 0.4 loaded (major 250)
Mar 20 23:02:51 localhost kernel: io scheduler noop registered
Mar 20 23:02:51 localhost kernel: io scheduler anticipatory registered
Mar 20 23:02:51 localhost kernel: io scheduler deadline registered
Mar 20 23:02:51 localhost kernel: io scheduler cfq registered (default)
Mar 20 23:02:51 localhost kernel: pci_hotplug: PCI Hot Plug PCI Core version: 0.5
Mar 20 23:02:51 localhost kernel: pciehp: PCI Express Hot Plug Controller Driver version: 0.4
Mar 20 23:02:51 localhost kernel: acpiphp: ACPI Hot Plug PCI Controller Driver version: 0.5
Mar 20 23:02:51 localhost kernel: ACPI: AC Adapter [AC] (on-line)
Mar 20 23:02:51 localhost kernel: input: Power Button as /devices/LNXSYSTM:00/LNXPWRBN:00/input/input0
Mar 20 23:02:51 localhost kernel: ACPI: Power Button [PWRF]
Mar 20 23:02:51 localhost kernel: input: Sleep Button as /devices/LNXSYSTM:00/LNXSLPBN:00/input/input1
Mar 20 23:02:51 localhost kernel: ACPI: Sleep Button [SLPF]
Mar 20 23:02:51 localhost kernel: [Firmware Bug]: No valid trip found
Mar 20 23:02:51 localhost kernel: GHES: HEST is not enabled!
Mar 20 23:02:51 localhost kernel: Non-volatile memory driver v1.3
Mar 20 23:02:51 localhost kernel: Linux agpgart interface v0.103
Mar 20 23:02:51 localhost kernel: crash memory driver: version 1.1
Mar 20 23:02:51 localhost kernel: Serial: 8250/16550 driver, 4 ports, IRQ sharing enabled
Mar 20 23:02:51 localhost kernel: brd: module loaded
Mar 20 23:02:51 localhost kernel: loop: module loaded
Mar 20 23:02:51 localhost kernel: input: Macintosh mouse button emulation as /devices/virtual/input/input2
Mar 20 23:02:51 localhost kernel: Fixed MDIO Bus: probed
Mar 20 23:02:51 localhost kernel: ehci_hcd: USB 2.0 'Enhanced' Host Controller (EHCI) Driver
Mar 20 23:02:51 localhost kernel: ohci_hcd: USB 1.1 'Open' Host Controller (OHCI) Driver
Mar 20 23:02:51 localhost kernel: uhci_hcd: USB Universal Host Controller Interface driver
Mar 20 23:02:51 localhost kernel: PNP: PS/2 Controller [PNP0303:PS2K,PNP0f03:PS2M] at 0x60,0x64 irq 1,12
Mar 20 23:02:51 localhost kernel: serio: i8042 KBD port at 0x60,0x64 irq 1
Mar 20 23:02:51 localhost kernel: serio: i8042 AUX port at 0x60,0x64 irq 12
Mar 20 23:02:51 localhost kernel: ACPI: Battery Slot [BAT0] (battery present)
Mar 20 23:02:51 localhost kernel: mice: PS/2 mouse device common for all mice
Mar 20 23:02:51 localhost kernel: input: AT Translated Set 2 keyboard as /devices/platform/i8042/serio0/input/input3
Mar 20 23:02:51 localhost kernel: rtc_cmos rtc_cmos: rtc core: registered rtc_cmos as rtc0
Mar 20 23:02:51 localhost kernel: rtc0: alarms up to one day, 114 bytes nvram
Mar 20 23:02:51 localhost kernel: cpuidle: using governor ladder
Mar 20 23:02:51 localhost kernel: cpuidle: using governor menu
Mar 20 23:02:51 localhost kernel: EFI Variables Facility v0.08 2004-May-17
Mar 20 23:02:51 localhost kernel: input: ImExPS/2 Generic Explorer Mouse as /devices/platform/i8042/serio1/input/input4
Mar 20 23:02:51 localhost kernel: usbcore: registered new interface driver hiddev
Mar 20 23:02:51 localhost kernel: usbcore: registered new interface driver usbhid
Mar 20 23:02:51 localhost kernel: usbhid: v2.6:USB HID core driver
Mar 20 23:02:51 localhost kernel: GRE over IPv4 demultiplexor driver
Mar 20 23:02:51 localhost kernel: TCP cubic registered
Mar 20 23:02:51 localhost kernel: Initializing XFRM netlink socket
Mar 20 23:02:51 localhost kernel: NET: Registered protocol family 17
Mar 20 23:02:51 localhost kernel: registered taskstats version 1
Mar 20 23:02:51 localhost kernel: rtc_cmos rtc_cmos: setting system clock to 2017-03-20 23:02:41 UTC (1490050961)
Mar 20 23:02:51 localhost kernel: Initalizing network drop monitor service
Mar 20 23:02:51 localhost kernel: Freeing unused kernel memory: 1316k freed
Mar 20 23:02:51 localhost kernel: Write protecting the kernel read-only data: 10240k
Mar 20 23:02:51 localhost kernel: Freeing unused kernel memory: 668k freed
Mar 20 23:02:51 localhost kernel: Freeing unused kernel memory: 1556k freed
Mar 20 23:02:51 localhost kernel: dracut: dracut-004-409.el6
Mar 20 23:02:51 localhost kernel: device-mapper: uevent: version 1.0.3
Mar 20 23:02:51 localhost kernel: device-mapper: ioctl: 4.33.1-ioctl (2015-8-18) initialised: dm-devel@redhat.com
Mar 20 23:02:51 localhost kernel: udev: starting version 147
Mar 20 23:02:51 localhost kernel: ACPI: Video Device [GFX0] (multi-head: yes  rom: no  post: no)
Mar 20 23:02:51 localhost kernel: input: Video Bus as /devices/LNXSYSTM:00/LNXSYBUS:00/PNP0A03:00/LNXVIDEO:00/input/input5
Mar 20 23:02:51 localhost kernel: dracut: Starting plymouth daemon
Mar 20 23:02:51 localhost kernel: dracut: rd_NO_MD: removing MD RAID activation
Mar 20 23:02:51 localhost kernel: scsi0 : ata_piix
Mar 20 23:02:51 localhost kernel: scsi1 : ata_piix
Mar 20 23:02:51 localhost kernel: ata1: PATA max UDMA/33 cmd 0x1f0 ctl 0x3f6 bmdma 0xd000 irq 14
Mar 20 23:02:51 localhost kernel: ata2: PATA max UDMA/33 cmd 0x170 ctl 0x376 bmdma 0xd008 irq 15
Mar 20 23:02:51 localhost kernel: ata1.01: ATAPI: VBOX CD-ROM, 1.0, max UDMA/133
Mar 20 23:02:51 localhost kernel: ata1.01: configured for UDMA/33
Mar 20 23:02:51 localhost kernel: scsi 0:0:1:0: CD-ROM            VBOX     CD-ROM           1.0  PQ: 0 ANSI: 5
Mar 20 23:02:51 localhost kernel: ahci 0000:00:0d.0: PCI INT A -> GSI 21 (level, low) -> IRQ 21
Mar 20 23:02:51 localhost kernel: ahci: SSS flag set, parallel bus scan disabled
Mar 20 23:02:51 localhost kernel: ahci 0000:00:0d.0: AHCI 0001.0100 32 slots 1 ports 3 Gbps 0x1 impl SATA mode
Mar 20 23:02:51 localhost kernel: ahci 0000:00:0d.0: flags: 64bit ncq stag only ccc 
Mar 20 23:02:51 localhost kernel: scsi2 : ahci
Mar 20 23:02:51 localhost kernel: ata3: SATA max UDMA/133 abar m8192@0xf0804000 port 0xf0804100 irq 21
Mar 20 23:02:51 localhost kernel: ata3: SATA link up 3.0 Gbps (SStatus 123 SControl 300)
Mar 20 23:02:51 localhost kernel: ata3.00: ATA-6: VBOX HARDDISK, 1.0, max UDMA/133
Mar 20 23:02:51 localhost kernel: ata3.00: 83886080 sectors, multi 128: LBA48 NCQ (depth 31/32)
Mar 20 23:02:51 localhost kernel: ata3.00: configured for UDMA/133
Mar 20 23:02:51 localhost kernel: scsi 2:0:0:0: Direct-Access     ATA      VBOX HARDDISK    1.0  PQ: 0 ANSI: 5
Mar 20 23:02:51 localhost kernel: sr0: scsi3-mmc drive: 32x/32x xa/form2 tray
Mar 20 23:02:51 localhost kernel: Uniform CD-ROM driver Revision: 3.20
Mar 20 23:02:51 localhost kernel: sd 2:0:0:0: [sda] 83886080 512-byte logical blocks: (42.9 GB/40.0 GiB)
Mar 20 23:02:51 localhost kernel: sd 2:0:0:0: [sda] Write Protect is off
Mar 20 23:02:51 localhost kernel: sd 2:0:0:0: [sda] Write cache: enabled, read cache: enabled, doesn't support DPO or FUA
Mar 20 23:02:51 localhost kernel: sda: sda1 sda2
Mar 20 23:02:51 localhost kernel: sd 2:0:0:0: [sda] Attached SCSI disk
Mar 20 23:02:51 localhost kernel: dracut: Scanning devices sda2  for LVM logical volumes VolGroup/lv_swap VolGroup/lv_root 
Mar 20 23:02:51 localhost kernel: Refined TSC clocksource calibration: 3098.967 MHz.
Mar 20 23:02:51 localhost kernel: dracut: inactive '/dev/VolGroup/lv_root' [37.54 GiB] inherit
Mar 20 23:02:51 localhost kernel: dracut: inactive '/dev/VolGroup/lv_swap' [1.97 GiB] inherit
Mar 20 23:02:51 localhost kernel: EXT4-fs (dm-0): mounted filesystem with ordered data mode. Opts: 
Mar 20 23:02:51 localhost kernel: dracut: Mounted root filesystem /dev/mapper/VolGroup-lv_root
Mar 20 23:02:51 localhost kernel: dracut: Loading SELinux policy
Mar 20 23:02:51 localhost kernel: type=1403 audit(1490050963.289:2): policy loaded auid=4294967295 ses=4294967295
Mar 20 23:02:51 localhost kernel: dracut: 
Mar 20 23:02:51 localhost kernel: dracut: Switching root
Mar 20 23:02:51 localhost kernel: udev: starting version 147
Mar 20 23:02:51 localhost kernel: sr 0:0:1:0: Attached scsi generic sg0 type 5
Mar 20 23:02:51 localhost kernel: sd 2:0:0:0: Attached scsi generic sg1 type 0
Mar 20 23:02:51 localhost kernel: e1000: Intel(R) PRO/1000 Network Driver - version 7.3.21-k8-NAPI
Mar 20 23:02:51 localhost kernel: e1000: Copyright (c) 1999-2006 Intel Corporation.
Mar 20 23:02:51 localhost kernel: e1000 0000:00:03.0: PCI INT A -> GSI 19 (level, low) -> IRQ 19
Mar 20 23:02:51 localhost kernel: e1000 0000:00:03.0: eth0: (PCI:33MHz:32-bit) 08:00:27:40:17:62
Mar 20 23:02:51 localhost kernel: e1000 0000:00:03.0: eth0: Intel(R) PRO/1000 Network Connection
Mar 20 23:02:51 localhost kernel: Intel ICH 0000:00:05.0: PCI INT A -> GSI 21 (level, low) -> IRQ 21
Mar 20 23:02:51 localhost kernel: intel8x0_measure_ac97_clock: measured 50823 usecs (10537 samples)
Mar 20 23:02:51 localhost kernel: intel8x0: measured clock 207327 rejected
Mar 20 23:02:51 localhost kernel: intel8x0_measure_ac97_clock: measured 50661 usecs (10539 samples)
Mar 20 23:02:51 localhost kernel: intel8x0: measured clock 208029 rejected
Mar 20 23:02:51 localhost kernel: intel8x0_measure_ac97_clock: measured 51003 usecs (10538 samples)
Mar 20 23:02:51 localhost kernel: intel8x0: measured clock 206615 rejected
Mar 20 23:02:51 localhost kernel: intel8x0: clocking to 48000
Mar 20 23:02:51 localhost kernel: piix4_smbus 0000:00:07.0: SMBus Host Controller at 0x4100, revision 0
Mar 20 23:02:51 localhost kernel: EXT4-fs (sda1): mounted filesystem with ordered data mode. Opts: 
Mar 20 23:02:51 localhost kernel: Adding 2064380k swap on /dev/mapper/VolGroup-lv_swap.  Priority:-1 extents:1 across:2064380k 
Mar 20 23:02:51 localhost kernel: NET: Registered protocol family 10
Mar 20 23:02:51 localhost kernel: lo: Disabled Privacy Extensions
Mar 20 23:02:51 localhost kernel: ADDRCONF(NETDEV_UP): eth0: link is not ready
Mar 20 23:02:51 localhost kernel: e1000: eth0 NIC Link is Up 1000 Mbps Full Duplex, Flow Control: RX
Mar 20 23:02:51 localhost kernel: ADDRCONF(NETDEV_CHANGE): eth0: link becomes ready
Mar 20 23:02:51 localhost kernel: type=1305 audit(1490050971.403:3): audit_pid=1015 old=0 auid=4294967295 ses=4294967295 subj=system_u:system_r:auditd_t:s0 res=1
Mar 20 23:02:51 localhost rpc.statd[1081]: Version 1.2.3 starting
Mar 20 23:02:51 localhost sm-notify[1082]: Version 1.2.3 starting
Mar 20 23:02:51 localhost rpc.statd[1081]: Initializing NSM state
Mar 20 23:02:51 localhost udevd[422]: can not read '/etc/udev/rules.d/70-persistent-cd.rules'
Mar 20 23:02:52 localhost kdump: No crashkernel parameter specified for running kernel
Mar 20 23:02:59 localhost kernel: lo: Disabled Privacy Extensions
Mar 20 23:02:59 localhost kernel: ADDRCONF(NETDEV_UP): eth0: link is not ready
Mar 20 23:03:01 localhost kernel: e1000: eth0 NIC Link is Up 1000 Mbps Full Duplex, Flow Control: RX
Mar 20 23:03:01 localhost kernel: ADDRCONF(NETDEV_CHANGE): eth0: link becomes ready
Mar 20 23:03:04 localhost dhclient[1799]: DHCPREQUEST on eth0 to 255.255.255.255 port 67 (xid=0x3393a0d5)
Mar 20 23:03:04 localhost dhclient[1799]: DHCPACK from 10.0.2.2 (xid=0x3393a0d5)
Mar 20 23:03:06 localhost NET[1850]: /sbin/dhclient-script : updated /etc/resolv.conf
Mar 20 23:03:06 localhost dhclient[1799]: bound to 10.0.2.15 -- renewal in 33082 seconds.
Mar 20 23:03:09 localhost vboxadd.sh: Building Guest Additions kernel modules.
Mar 20 23:03:09 localhost vboxadd.sh: Removing existing VirtualBox kernel modules.
Mar 20 23:03:09 localhost vboxadd.sh: .
Mar 20 23:03:09 localhost vboxadd.sh: Building the VirtualBox Guest Additions kernel modules.
Mar 20 23:03:09 localhost vboxadd.sh: Building the main Guest Additions module.
Mar 20 23:03:30 localhost vboxadd.sh: .
Mar 20 23:03:30 localhost vboxadd.sh: Building the shared folder support module.
Mar 20 23:03:34 localhost vboxadd.sh: .
Mar 20 23:03:34 localhost vboxadd.sh: Building the graphics driver module.
Mar 20 23:03:35 localhost vboxadd.sh: .
Mar 20 23:03:36 localhost vboxadd.sh: Doing non-kernel setup of the Guest Additions.
Mar 20 23:03:36 localhost vboxadd.sh: .
Mar 20 23:03:36 localhost vboxadd.sh: Starting the VirtualBox Guest Additions.
Mar 20 23:03:36 localhost kernel: vboxguest 0000:00:04.0: PCI INT A -> GSI 20 (level, low) -> IRQ 20
Mar 20 23:03:36 localhost kernel: vgdrvHeartbeatInit: Setting up heartbeat to trigger every 2000 milliseconds
Mar 20 23:03:36 localhost kernel: input: Unspecified device as /devices/pci0000:00/0000:00:04.0/input/input6
Mar 20 23:03:36 localhost kernel: vboxguest: misc device minor 57, IRQ 20, I/O port d020, MMIO at 00000000f0400000 (size 0x400000)
Mar 20 23:03:37 localhost vboxadd-x11.sh: Installing the Window System drivers.
Mar 20 23:03:37 localhost vboxadd.sh: .
Mar 20 23:03:37 localhost vboxadd.sh: Starting the VirtualBox Guest Additions.
Mar 20 23:03:37 localhost vboxadd-x11.sh: Installing the Window System drivers.
Mar 20 23:03:37 localhost vboxadd.sh: .
Mar 20 23:03:40 localhost yum[6334]: Erased: kernel-devel
Mar 20 23:03:40 localhost yum[6334]: Erased: gcc
Mar 20 23:03:40 localhost yum[6334]: Erased: glibc-devel
Mar 20 23:03:41 localhost yum[6334]: Erased: glibc-headers
Mar 20 23:03:41 localhost yum[6334]: Erased: kernel-headers
Mar 20 23:03:41 localhost yum[6334]: Erased: cpp
Mar 20 23:04:59 localhost init: tty (/dev/tty1) main process (1309) killed by TERM signal
Mar 20 23:04:59 localhost init: tty (/dev/tty2) main process (1311) killed by TERM signal
Mar 20 23:04:59 localhost init: tty (/dev/tty3) main process (1313) killed by TERM signal
Mar 20 23:04:59 localhost init: tty (/dev/tty4) main process (1315) killed by TERM signal
Mar 20 23:04:59 localhost init: tty (/dev/tty5) main process (1322) killed by TERM signal
Mar 20 23:04:59 localhost init: tty (/dev/tty6) main process (1325) killed by TERM signal
Mar 20 23:05:00 localhost rpcbind: rpcbind terminating on signal. Restart with "rpcbind -w"
Mar 20 23:05:00 localhost auditd[1015]: The audit daemon is exiting.
Mar 20 23:05:00 localhost kernel: type=1305 audit(1490051100.564:245): audit_pid=0 old=1015 auid=4294967295 ses=4294967295 subj=system_u:system_r:auditd_t:s0 res=1
Mar 20 23:05:00 localhost kernel: type=1305 audit(1490051100.678:246): audit_enabled=0 old=1 auid=4294967295 ses=4294967295 subj=system_u:system_r:auditctl_t:s0 res=1
Mar 20 23:05:00 localhost kernel: Kernel logging (proc) stopped.
Mar 20 23:05:00 localhost rsyslogd: [origin software="rsyslogd" swVersion="5.8.10" x-pid="1037" x-info="http://www.rsyslog.com"] exiting on signal 15.
Jun 10 13:59:23 localhost kernel: imklog 5.8.10, log source = /proc/kmsg started.
Jun 10 13:59:23 localhost rsyslogd: [origin software="rsyslogd" swVersion="5.8.10" x-pid="1060" x-info="http://www.rsyslog.com"] start
Jun 10 13:59:23 localhost kernel: Initializing cgroup subsys cpuset
Jun 10 13:59:23 localhost kernel: Initializing cgroup subsys cpu
Jun 10 13:59:23 localhost kernel: Linux version 2.6.32-642.el6.x86_64 (mockbuild@worker1.bsys.centos.org) (gcc version 4.4.7 20120313 (Red Hat 4.4.7-17) (GCC) ) #1 SMP Tue May 10 17:27:01 UTC 2016
Jun 10 13:59:23 localhost kernel: Command line: ro root=/dev/mapper/VolGroup-lv_root rd_NO_LUKS LANG=en_US.UTF-8 rd_NO_MD rd_LVM_LV=VolGroup/lv_swap SYSFONT=latarcyrheb-sun16 crashkernel=auto rd_LVM_LV=VolGroup/lv_root  KEYBOARDTYPE=pc KEYTABLE=us rd_NO_DM rhgb quiet
Jun 10 13:59:23 localhost kernel: KERNEL supported cpus:
Jun 10 13:59:23 localhost kernel:  Intel GenuineIntel
Jun 10 13:59:23 localhost kernel:  AMD AuthenticAMD
Jun 10 13:59:23 localhost kernel:  Centaur CentaurHauls
Jun 10 13:59:23 localhost kernel: BIOS-provided physical RAM map:
Jun 10 13:59:23 localhost kernel: BIOS-e820: 0000000000000000 - 000000000009fc00 (usable)
Jun 10 13:59:23 localhost kernel: BIOS-e820: 000000000009fc00 - 00000000000a0000 (reserved)
Jun 10 13:59:23 localhost kernel: BIOS-e820: 00000000000f0000 - 0000000000100000 (reserved)
Jun 10 13:59:23 localhost kernel: BIOS-e820: 0000000000100000 - 000000003fff0000 (usable)
Jun 10 13:59:23 localhost kernel: BIOS-e820: 000000003fff0000 - 0000000040000000 (ACPI data)
Jun 10 13:59:23 localhost kernel: BIOS-e820: 00000000fec00000 - 00000000fec01000 (reserved)
Jun 10 13:59:23 localhost kernel: BIOS-e820: 00000000fee00000 - 00000000fee01000 (reserved)
Jun 10 13:59:23 localhost kernel: BIOS-e820: 00000000fffc0000 - 0000000100000000 (reserved)
Jun 10 13:59:23 localhost kernel: SMBIOS version 2.5 @ 0xFFF60
Jun 10 13:59:23 localhost kernel: SMBIOS 2.5 present.
Jun 10 13:59:23 localhost kernel: Hypervisor detected: KVM
Jun 10 13:59:23 localhost kernel: last_pfn = 0x3fff0 max_arch_pfn = 0x400000000
Jun 10 13:59:23 localhost kernel: x86 PAT enabled: cpu 0, old 0x7040600070406, new 0x7010600070106
Jun 10 13:59:23 localhost kernel: CPU MTRRs all blank - virtualized system.
Jun 10 13:59:23 localhost kernel: init_memory_mapping: 0000000000000000-000000003fff0000
Jun 10 13:59:23 localhost kernel: RAMDISK: 36c48000 - 37fefdee
Jun 10 13:59:23 localhost kernel: ACPI: Deleted _OSI()
Jun 10 13:59:23 localhost kernel: ACPI: Deleted _OSI()
Jun 10 13:59:23 localhost kernel: ACPI: RSDP 00000000000e0000 00024 (v02 VBOX  )
Jun 10 13:59:23 localhost kernel: ACPI: XSDT 000000003fff0030 0003C (v01 VBOX   VBOXXSDT 00000001 ASL  00000061)
Jun 10 13:59:23 localhost kernel: ACPI: FACP 000000003fff00f0 000F4 (v04 VBOX   VBOXFACP 00000001 ASL  00000061)
Jun 10 13:59:23 localhost kernel: ACPI: DSDT 000000003fff0470 022EA (v02 VBOX   VBOXBIOS 00000002 INTL 20100528)
Jun 10 13:59:23 localhost kernel: ACPI: FACS 000000003fff0200 00040
Jun 10 13:59:23 localhost kernel: ACPI: APIC 000000003fff0240 00054 (v02 VBOX   VBOXAPIC 00000001 ASL  00000061)
Jun 10 13:59:23 localhost kernel: ACPI: SSDT 000000003fff02a0 001CC (v01 VBOX   VBOXCPUT 00000002 INTL 20100528)
Jun 10 13:59:23 localhost kernel: Setting APIC routing to flat.
Jun 10 13:59:23 localhost kernel: No NUMA configuration found
Jun 10 13:59:23 localhost kernel: Faking a node at 0000000000000000-000000003fff0000
Jun 10 13:59:23 localhost kernel: Bootmem setup node 0 0000000000000000-000000003fff0000
Jun 10 13:59:23 localhost kernel:  NODE_DATA [0000000000009000 - 000000000003cfff]
Jun 10 13:59:23 localhost kernel:  bootmap [000000000003d000 -  0000000000044fff] pages 8
Jun 10 13:59:23 localhost kernel: (7 early reservations) ==> bootmem [0000000000 - 003fff0000]
Jun 10 13:59:23 localhost kernel:  #0 [0000000000 - 0000001000]   BIOS data page ==> [0000000000 - 0000001000]
Jun 10 13:59:23 localhost kernel:  #1 [0000006000 - 0000008000]       TRAMPOLINE ==> [0000006000 - 0000008000]
Jun 10 13:59:23 localhost kernel:  #2 [0001000000 - 0002044924]    TEXT DATA BSS ==> [0001000000 - 0002044924]
Jun 10 13:59:23 localhost kernel:  #3 [0036c48000 - 0037fefdee]          RAMDISK ==> [0036c48000 - 0037fefdee]
Jun 10 13:59:23 localhost kernel:  #4 [000009f800 - 0000100000]    BIOS reserved ==> [000009f800 - 0000100000]
Jun 10 13:59:23 localhost kernel:  #5 [0002045000 - 000204513c]              BRK ==> [0002045000 - 000204513c]
Jun 10 13:59:23 localhost kernel:  #6 [0000008000 - 0000009000]          PGTABLE ==> [0000008000 - 0000009000]
Jun 10 13:59:23 localhost kernel: found SMP MP-table at [ffff88000009fff0] 9fff0
Jun 10 13:59:23 localhost kernel: crashkernel=auto resulted in zero bytes of reserved memory.
Jun 10 13:59:23 localhost kernel: kvm-clock: Using msrs 4b564d01 and 4b564d00
Jun 10 13:59:23 localhost kernel: kvm-clock: cpu 0, msr 0:1c38e41, boot clock
Jun 10 13:59:23 localhost kernel: Zone PFN ranges:
Jun 10 13:59:23 localhost kernel:  DMA      0x00000001 -> 0x00001000
Jun 10 13:59:23 localhost kernel:  DMA32    0x00001000 -> 0x00100000
Jun 10 13:59:23 localhost kernel:  Normal   0x00100000 -> 0x00100000
Jun 10 13:59:23 localhost kernel: Movable zone start PFN for each node
Jun 10 13:59:23 localhost kernel: early_node_map[2] active PFN ranges
Jun 10 13:59:23 localhost kernel:    0: 0x00000001 -> 0x0000009f
Jun 10 13:59:23 localhost kernel:    0: 0x00000100 -> 0x0003fff0
Jun 10 13:59:23 localhost kernel: ACPI: PM-Timer IO Port: 0x4008
Jun 10 13:59:23 localhost kernel: Setting APIC routing to flat.
Jun 10 13:59:23 localhost kernel: ACPI: LAPIC (acpi_id[0x00] lapic_id[0x00] enabled)
Jun 10 13:59:23 localhost kernel: ACPI: IOAPIC (id[0x01] address[0xfec00000] gsi_base[0])
Jun 10 13:59:23 localhost kernel: IOAPIC[0]: apic_id 1, version 32, address 0xfec00000, GSI 0-23
Jun 10 13:59:23 localhost kernel: ACPI: INT_SRC_OVR (bus 0 bus_irq 0 global_irq 2 dfl dfl)
Jun 10 13:59:23 localhost kernel: ACPI: INT_SRC_OVR (bus 0 bus_irq 9 global_irq 9 low level)
Jun 10 13:59:23 localhost kernel: Using ACPI (MADT) for SMP configuration information
Jun 10 13:59:23 localhost kernel: SMP: Allowing 1 CPUs, 0 hotplug CPUs
Jun 10 13:59:23 localhost kernel: PM: Registered nosave memory: 000000000009f000 - 00000000000a0000
Jun 10 13:59:23 localhost kernel: PM: Registered nosave memory: 00000000000a0000 - 00000000000f0000
Jun 10 13:59:23 localhost kernel: PM: Registered nosave memory: 00000000000f0000 - 0000000000100000
Jun 10 13:59:23 localhost kernel: Allocating PCI resources starting at 40000000 (gap: 40000000:bec00000)
Jun 10 13:59:23 localhost kernel: Booting paravirtualized kernel on KVM
Jun 10 13:59:23 localhost kernel: Detected CPU family 6 model 69
Jun 10 13:59:23 localhost kernel: Warning: Intel CPU model - this hardware has not undergone testing by Red Hat and might not be certified. Please consult https://hardware.redhat.com for certified hardware.
Jun 10 13:59:23 localhost kernel: NR_CPUS:4096 nr_cpumask_bits:1 nr_cpu_ids:1 nr_node_ids:1
Jun 10 13:59:23 localhost kernel: PERCPU: Embedded 31 pages/cpu @ffff880002200000 s96600 r8192 d22184 u2097152
Jun 10 13:59:23 localhost kernel: pcpu-alloc: s96600 r8192 d22184 u2097152 alloc=1*2097152
Jun 10 13:59:23 localhost kernel: pcpu-alloc: [0] 0 
Jun 10 13:59:23 localhost kernel: kvm-clock: cpu 0, msr 0:2216e41, primary cpu clock
Jun 10 13:59:23 localhost kernel: Built 1 zonelists in Node order, mobility grouping on.  Total pages: 258346
Jun 10 13:59:23 localhost kernel: Policy zone: DMA32
Jun 10 13:59:23 localhost kernel: Kernel command line: ro root=/dev/mapper/VolGroup-lv_root rd_NO_LUKS LANG=en_US.UTF-8 rd_NO_MD rd_LVM_LV=VolGroup/lv_swap SYSFONT=latarcyrheb-sun16  rd_LVM_LV=VolGroup/lv_root  KEYBOARDTYPE=pc KEYTABLE=us rd_NO_DM rhgb quiet
Jun 10 13:59:23 localhost kernel: PID hash table entries: 4096 (order: 3, 32768 bytes)
Jun 10 13:59:23 localhost kernel: x86/fpu: xstate_offset[2]: 0240, xstate_sizes[2]: 0100
Jun 10 13:59:23 localhost kernel: xsave/xrstor: enabled xstate_bv 0x7, cntxt size 0x340
Jun 10 13:59:23 localhost kernel: Memory: 996368k/1048512k available (5455k kernel code, 392k absent, 51752k reserved, 6964k data, 1316k init)
Jun 10 13:59:23 localhost kernel: Hierarchical RCU implementation.
Jun 10 13:59:23 localhost kernel: NR_IRQS:33024 nr_irqs:256
Jun 10 13:59:23 localhost kernel: Console: colour VGA+ 80x25
Jun 10 13:59:23 localhost kernel: console [tty0] enabled
Jun 10 13:59:23 localhost kernel: allocated 4194304 bytes of page_cgroup
Jun 10 13:59:23 localhost kernel: please try 'cgroup_disable=memory' option if you don't want memory cgroups
Jun 10 13:59:23 localhost kernel: Detected 1496.537 MHz processor.
Jun 10 13:59:23 localhost kernel: Calibrating delay loop (skipped) preset value.. 2993.07 BogoMIPS (lpj=1496537)
Jun 10 13:59:23 localhost kernel: pid_max: default: 32768 minimum: 301
Jun 10 13:59:23 localhost kernel: Security Framework initialized
Jun 10 13:59:23 localhost kernel: SELinux:  Initializing.
Jun 10 13:59:23 localhost kernel: Dentry cache hash table entries: 131072 (order: 8, 1048576 bytes)
Jun 10 13:59:23 localhost kernel: Inode-cache hash table entries: 65536 (order: 7, 524288 bytes)
Jun 10 13:59:23 localhost kernel: Mount-cache hash table entries: 256
Jun 10 13:59:23 localhost kernel: Initializing cgroup subsys ns
Jun 10 13:59:23 localhost kernel: Initializing cgroup subsys cpuacct
Jun 10 13:59:23 localhost kernel: Initializing cgroup subsys memory
Jun 10 13:59:23 localhost kernel: Initializing cgroup subsys devices
Jun 10 13:59:23 localhost kernel: Initializing cgroup subsys freezer
Jun 10 13:59:23 localhost kernel: Initializing cgroup subsys net_cls
Jun 10 13:59:23 localhost kernel: Initializing cgroup subsys blkio
Jun 10 13:59:23 localhost kernel: Initializing cgroup subsys perf_event
Jun 10 13:59:23 localhost kernel: Initializing cgroup subsys net_prio
Jun 10 13:59:23 localhost kernel: CPU: Physical Processor ID: 0
Jun 10 13:59:23 localhost kernel: mce: CPU supports 0 MCE banks
Jun 10 13:59:23 localhost kernel: using mwait in idle threads.
Jun 10 13:59:23 localhost kernel: alternatives: switching to unfair spinlock
Jun 10 13:59:23 localhost kernel: SMP alternatives: switching to UP code
Jun 10 13:59:23 localhost kernel: Freeing SMP alternatives: 37k freed
Jun 10 13:59:23 localhost kernel: ACPI: Core revision 20090903
Jun 10 13:59:23 localhost kernel: ftrace: converting mcount calls to 0f 1f 44 00 00
Jun 10 13:59:23 localhost kernel: ftrace: allocating 22342 entries in 88 pages
Jun 10 13:59:23 localhost kernel: Enabling x2apic
Jun 10 13:59:23 localhost kernel: Enabled x2apic
Jun 10 13:59:23 localhost kernel: APIC routing finalized to physical x2apic.
Jun 10 13:59:23 localhost kernel: ..TIMER: vector=0x30 apic1=0 pin1=2 apic2=-1 pin2=-1
Jun 10 13:59:23 localhost kernel: CPU0: Intel(R) Core(TM) i3-4020Y CPU @ 1.50GHz stepping 01
Jun 10 13:59:23 localhost kernel: APIC calibration not consistent with PM-Timer: 157ms instead of 100ms
Jun 10 13:59:23 localhost kernel: APIC delta adjusted to PM-Timer: 6326417 (9942182)
Jun 10 13:59:23 localhost kernel: Performance Events: unsupported p6 CPU model 69 no PMU driver, software events only.
Jun 10 13:59:23 localhost kernel: NMI watchdog disabled (cpu0): hardware events not enabled
Jun 10 13:59:23 localhost kernel: Brought up 1 CPUs
Jun 10 13:59:23 localhost kernel: Total of 1 processors activated (2993.07 BogoMIPS).
Jun 10 13:59:23 localhost kernel: devtmpfs: initialized
Jun 10 13:59:23 localhost kernel: regulator: core version 0.5
Jun 10 13:59:23 localhost kernel: NET: Registered protocol family 16
Jun 10 13:59:23 localhost kernel: ACPI: bus type pci registered
Jun 10 13:59:23 localhost kernel: PCI: Using configuration type 1 for base access
Jun 10 13:59:23 localhost kernel: bio: create slab <bio-0> at 0
Jun 10 13:59:23 localhost kernel: ACPI: Executed 1 blocks of module-level executable AML code
Jun 10 13:59:23 localhost kernel: ACPI: Interpreter enabled
Jun 10 13:59:23 localhost kernel: ACPI: (supports S0 S5)
Jun 10 13:59:23 localhost kernel: ACPI: Using IOAPIC for interrupt routing
Jun 10 13:59:23 localhost kernel: ACPI: No dock devices found.
Jun 10 13:59:23 localhost kernel: PCI: Ignoring host bridge windows from ACPI; if necessary, use "pci=use_crs" and report a bug
Jun 10 13:59:23 localhost kernel: ACPI: PCI Root Bridge [PCI0] (domain 0000 [bus 00-ff])
Jun 10 13:59:23 localhost kernel: PCI host bridge to bus 0000:00
Jun 10 13:59:23 localhost kernel: pci_bus 0000:00: root bus resource [io  0x0000-0xffff]
Jun 10 13:59:23 localhost kernel: pci_bus 0000:00: root bus resource [mem 0x00000000-0x7fffffffff]
Jun 10 13:59:23 localhost kernel: pci 0000:00:07.0: quirk: [io  0x4000-0x403f] claimed by PIIX4 ACPI
Jun 10 13:59:23 localhost kernel: pci 0000:00:07.0: quirk: [io  0x4100-0x410f] claimed by PIIX4 SMB
Jun 10 13:59:23 localhost kernel: ACPI: PCI Interrupt Link [LNKA] (IRQs 5 9 10 *11)
Jun 10 13:59:23 localhost kernel: ACPI: PCI Interrupt Link [LNKB] (IRQs 5 9 *10 11)
Jun 10 13:59:23 localhost kernel: ACPI: PCI Interrupt Link [LNKC] (IRQs 5 *9 10 11)
Jun 10 13:59:23 localhost kernel: ACPI: PCI Interrupt Link [LNKD] (IRQs 5 9 10 *11)
Jun 10 13:59:23 localhost kernel: vgaarb: device added: PCI:0000:00:02.0,decodes=io+mem,owns=io+mem,locks=none
Jun 10 13:59:23 localhost kernel: vgaarb: loaded
Jun 10 13:59:23 localhost kernel: vgaarb: bridge control possible 0000:00:02.0
Jun 10 13:59:23 localhost kernel: SCSI subsystem initialized
Jun 10 13:59:23 localhost kernel: usbcore: registered new interface driver usbfs
Jun 10 13:59:23 localhost kernel: usbcore: registered new interface driver hub
Jun 10 13:59:23 localhost kernel: usbcore: registered new device driver usb
Jun 10 13:59:23 localhost kernel: PCI: Using ACPI for IRQ routing
Jun 10 13:59:23 localhost kernel: NetLabel: Initializing
Jun 10 13:59:23 localhost kernel: NetLabel:  domain hash size = 128
Jun 10 13:59:23 localhost kernel: NetLabel:  protocols = UNLABELED CIPSOv4
Jun 10 13:59:23 localhost kernel: NetLabel:  unlabeled traffic allowed by default
Jun 10 13:59:23 localhost kernel: Switching to clocksource kvm-clock
Jun 10 13:59:23 localhost kernel: pnp: PnP ACPI init
Jun 10 13:59:23 localhost kernel: ACPI: bus type pnp registered
Jun 10 13:59:23 localhost kernel: pnp: PnP ACPI: found 4 devices
Jun 10 13:59:23 localhost kernel: ACPI: ACPI bus type pnp unregistered
Jun 10 13:59:23 localhost kernel: NET: Registered protocol family 2
Jun 10 13:59:23 localhost kernel: IP route cache hash table entries: 32768 (order: 6, 262144 bytes)
Jun 10 13:59:23 localhost kernel: TCP established hash table entries: 131072 (order: 9, 2097152 bytes)
Jun 10 13:59:23 localhost kernel: TCP bind hash table entries: 65536 (order: 8, 1048576 bytes)
Jun 10 13:59:23 localhost kernel: TCP: Hash tables configured (established 131072 bind 65536)
Jun 10 13:59:23 localhost kernel: TCP reno registered
Jun 10 13:59:23 localhost kernel: NET: Registered protocol family 1
Jun 10 13:59:23 localhost kernel: pci 0000:00:00.0: Limiting direct PCI/PCI transfers
Jun 10 13:59:23 localhost kernel: pci 0000:00:01.0: Activating ISA DMA hang workarounds
Jun 10 13:59:23 localhost kernel: Trying to unpack rootfs image as initramfs...
Jun 10 13:59:23 localhost kernel: Freeing initrd memory: 20127k freed
Jun 10 13:59:23 localhost kernel: platform rtc_cmos: registered platform RTC device (no PNP device found)
Jun 10 13:59:23 localhost kernel: sha256_ssse3: Using AVX optimized SHA-256 implementation
Jun 10 13:59:23 localhost kernel: futex hash table entries: 256 (order: 2, 16384 bytes)
Jun 10 13:59:23 localhost kernel: audit: initializing netlink socket (disabled)
Jun 10 13:59:23 localhost kernel: type=2000 audit(1560175135.188:1): initialized
Jun 10 13:59:23 localhost kernel: HugeTLB registered 2 MB page size, pre-allocated 0 pages
Jun 10 13:59:23 localhost kernel: VFS: Disk quotas dquot_6.5.2
Jun 10 13:59:23 localhost kernel: Dquot-cache hash table entries: 512 (order 0, 4096 bytes)
Jun 10 13:59:23 localhost kernel: msgmni has been set to 1985
Jun 10 13:59:23 localhost kernel: ksign: Installing public key data
Jun 10 13:59:23 localhost kernel: Loading keyring
Jun 10 13:59:23 localhost kernel: - Added public key 2163146EC4595AB0
Jun 10 13:59:23 localhost kernel: - User ID: CentOS (Kernel Module GPG key)
Jun 10 13:59:23 localhost kernel: Block layer SCSI generic (bsg) driver version 0.4 loaded (major 250)
Jun 10 13:59:23 localhost kernel: io scheduler noop registered
Jun 10 13:59:23 localhost kernel: io scheduler anticipatory registered
Jun 10 13:59:23 localhost kernel: io scheduler deadline registered
Jun 10 13:59:23 localhost kernel: io scheduler cfq registered (default)
Jun 10 13:59:23 localhost kernel: pci_hotplug: PCI Hot Plug PCI Core version: 0.5
Jun 10 13:59:23 localhost kernel: pciehp: PCI Express Hot Plug Controller Driver version: 0.4
Jun 10 13:59:23 localhost kernel: acpiphp: ACPI Hot Plug PCI Controller Driver version: 0.5
Jun 10 13:59:23 localhost kernel: ACPI: AC Adapter [AC] (on-line)
Jun 10 13:59:23 localhost kernel: input: Power Button as /devices/LNXSYSTM:00/LNXPWRBN:00/input/input0
Jun 10 13:59:23 localhost kernel: ACPI: Power Button [PWRF]
Jun 10 13:59:23 localhost kernel: input: Sleep Button as /devices/LNXSYSTM:00/LNXSLPBN:00/input/input1
Jun 10 13:59:23 localhost kernel: ACPI: Sleep Button [SLPF]
Jun 10 13:59:23 localhost kernel: [Firmware Bug]: No valid trip found
Jun 10 13:59:23 localhost kernel: GHES: HEST is not enabled!
Jun 10 13:59:23 localhost kernel: Non-volatile memory driver v1.3
Jun 10 13:59:23 localhost kernel: Linux agpgart interface v0.103
Jun 10 13:59:23 localhost kernel: crash memory driver: version 1.1
Jun 10 13:59:23 localhost kernel: Serial: 8250/16550 driver, 4 ports, IRQ sharing enabled
Jun 10 13:59:23 localhost kernel: ACPI: Battery Slot [BAT0] (battery present)
Jun 10 13:59:23 localhost kernel: brd: module loaded
Jun 10 13:59:23 localhost kernel: loop: module loaded
Jun 10 13:59:23 localhost kernel: input: Macintosh mouse button emulation as /devices/virtual/input/input2
Jun 10 13:59:23 localhost kernel: Fixed MDIO Bus: probed
Jun 10 13:59:23 localhost kernel: ehci_hcd: USB 2.0 'Enhanced' Host Controller (EHCI) Driver
Jun 10 13:59:23 localhost kernel: ohci_hcd: USB 1.1 'Open' Host Controller (OHCI) Driver
Jun 10 13:59:23 localhost kernel: uhci_hcd: USB Universal Host Controller Interface driver
Jun 10 13:59:23 localhost kernel: PNP: PS/2 Controller [PNP0303:PS2K,PNP0f03:PS2M] at 0x60,0x64 irq 1,12
Jun 10 13:59:23 localhost kernel: serio: i8042 KBD port at 0x60,0x64 irq 1
Jun 10 13:59:23 localhost kernel: serio: i8042 AUX port at 0x60,0x64 irq 12
Jun 10 13:59:23 localhost kernel: mice: PS/2 mouse device common for all mice
Jun 10 13:59:23 localhost kernel: input: AT Translated Set 2 keyboard as /devices/platform/i8042/serio0/input/input3
Jun 10 13:59:23 localhost kernel: rtc_cmos rtc_cmos: rtc core: registered rtc_cmos as rtc0
Jun 10 13:59:23 localhost kernel: rtc0: alarms up to one day, 114 bytes nvram
Jun 10 13:59:23 localhost kernel: cpuidle: using governor ladder
Jun 10 13:59:23 localhost kernel: cpuidle: using governor menu
Jun 10 13:59:23 localhost kernel: EFI Variables Facility v0.08 2004-May-17
Jun 10 13:59:23 localhost kernel: usbcore: registered new interface driver hiddev
Jun 10 13:59:23 localhost kernel: usbcore: registered new interface driver usbhid
Jun 10 13:59:23 localhost kernel: usbhid: v2.6:USB HID core driver
Jun 10 13:59:23 localhost kernel: GRE over IPv4 demultiplexor driver
Jun 10 13:59:23 localhost kernel: TCP cubic registered
Jun 10 13:59:23 localhost kernel: Initializing XFRM netlink socket
Jun 10 13:59:23 localhost kernel: NET: Registered protocol family 17
Jun 10 13:59:23 localhost kernel: registered taskstats version 1
Jun 10 13:59:23 localhost kernel: rtc_cmos rtc_cmos: setting system clock to 2019-06-10 13:58:43 UTC (1560175123)
Jun 10 13:59:23 localhost kernel: Initalizing network drop monitor service
Jun 10 13:59:23 localhost kernel: Freeing unused kernel memory: 1316k freed
Jun 10 13:59:23 localhost kernel: Write protecting the kernel read-only data: 10240k
Jun 10 13:59:23 localhost kernel: Freeing unused kernel memory: 668k freed
Jun 10 13:59:23 localhost kernel: Freeing unused kernel memory: 1556k freed
Jun 10 13:59:23 localhost kernel: input: ImExPS/2 Generic Explorer Mouse as /devices/platform/i8042/serio1/input/input4
Jun 10 13:59:23 localhost kernel: dracut: dracut-004-409.el6
Jun 10 13:59:23 localhost kernel: device-mapper: uevent: version 1.0.3
Jun 10 13:59:23 localhost kernel: device-mapper: ioctl: 4.33.1-ioctl (2015-8-18) initialised: dm-devel@redhat.com
Jun 10 13:59:23 localhost kernel: udev: starting version 147
Jun 10 13:59:23 localhost kernel: ACPI: Video Device [GFX0] (multi-head: yes  rom: no  post: no)
Jun 10 13:59:23 localhost kernel: input: Video Bus as /devices/LNXSYSTM:00/LNXSYBUS:00/PNP0A03:00/LNXVIDEO:00/input/input5
Jun 10 13:59:23 localhost kernel: dracut: Starting plymouth daemon
Jun 10 13:59:23 localhost kernel: Refined TSC clocksource calibration: 1497.452 MHz.
Jun 10 13:59:23 localhost kernel: dracut: rd_NO_MD: removing MD RAID activation
Jun 10 13:59:23 localhost kernel: scsi0 : ata_piix
Jun 10 13:59:23 localhost kernel: scsi1 : ata_piix
Jun 10 13:59:23 localhost kernel: ata1: PATA max UDMA/33 cmd 0x1f0 ctl 0x3f6 bmdma 0xd000 irq 14
Jun 10 13:59:23 localhost kernel: ata2: PATA max UDMA/33 cmd 0x170 ctl 0x376 bmdma 0xd008 irq 15
Jun 10 13:59:23 localhost kernel: ahci 0000:00:0d.0: PCI INT A -> GSI 21 (level, low) -> IRQ 21
Jun 10 13:59:23 localhost kernel: ahci: SSS flag set, parallel bus scan disabled
Jun 10 13:59:23 localhost kernel: ahci 0000:00:0d.0: AHCI 0001.0100 32 slots 1 ports 3 Gbps 0x1 impl SATA mode
Jun 10 13:59:23 localhost kernel: ahci 0000:00:0d.0: flags: 64bit ncq stag only ccc 
Jun 10 13:59:23 localhost kernel: scsi2 : ahci
Jun 10 13:59:23 localhost kernel: ata3: SATA max UDMA/133 abar m8192@0xf0840000 port 0xf0840100 irq 21
Jun 10 13:59:23 localhost kernel: ata3: SATA link up 3.0 Gbps (SStatus 123 SControl 300)
Jun 10 13:59:23 localhost kernel: ata3.00: ATA-6: VBOX HARDDISK, 1.0, max UDMA/133
Jun 10 13:59:23 localhost kernel: ata3.00: 83886080 sectors, multi 128: LBA48 NCQ (depth 31/32)
Jun 10 13:59:23 localhost kernel: ata3.00: configured for UDMA/133
Jun 10 13:59:23 localhost kernel: scsi 2:0:0:0: Direct-Access     ATA      VBOX HARDDISK    1.0  PQ: 0 ANSI: 5
Jun 10 13:59:23 localhost kernel: sd 2:0:0:0: [sda] 83886080 512-byte logical blocks: (42.9 GB/40.0 GiB)
Jun 10 13:59:23 localhost kernel: sd 2:0:0:0: [sda] Write Protect is off
Jun 10 13:59:23 localhost kernel: sd 2:0:0:0: [sda] Write cache: enabled, read cache: enabled, doesn't support DPO or FUA
Jun 10 13:59:23 localhost kernel: sda: sda1 sda2
Jun 10 13:59:23 localhost kernel: sd 2:0:0:0: [sda] Attached SCSI disk
Jun 10 13:59:23 localhost kernel: dracut: Scanning devices sda2  for LVM logical volumes VolGroup/lv_swap VolGroup/lv_root 
Jun 10 13:59:23 localhost kernel: dracut: inactive '/dev/VolGroup/lv_root' [37.54 GiB] inherit
Jun 10 13:59:23 localhost kernel: dracut: inactive '/dev/VolGroup/lv_swap' [1.97 GiB] inherit
Jun 10 13:59:23 localhost kernel: EXT4-fs (dm-0): mounted filesystem with ordered data mode. Opts: 
Jun 10 13:59:23 localhost kernel: dracut: Mounted root filesystem /dev/mapper/VolGroup-lv_root
Jun 10 13:59:23 localhost kernel: dracut: Loading SELinux policy
Jun 10 13:59:23 localhost kernel: type=1403 audit(1560175129.168:2): policy loaded auid=4294967295 ses=4294967295
Jun 10 13:59:23 localhost kernel: dracut: 
Jun 10 13:59:23 localhost kernel: dracut: Switching root
Jun 10 13:59:23 localhost kernel: udev: starting version 147
Jun 10 13:59:23 localhost kernel: e1000: Intel(R) PRO/1000 Network Driver - version 7.3.21-k8-NAPI
Jun 10 13:59:23 localhost kernel: e1000: Copyright (c) 1999-2006 Intel Corporation.
Jun 10 13:59:23 localhost kernel: e1000 0000:00:03.0: PCI INT A -> GSI 19 (level, low) -> IRQ 19
Jun 10 13:59:23 localhost kernel: e1000 0000:00:03.0: eth0: (PCI:33MHz:32-bit) 08:00:27:40:17:62
Jun 10 13:59:23 localhost kernel: e1000 0000:00:03.0: eth0: Intel(R) PRO/1000 Network Connection
Jun 10 13:59:23 localhost kernel: e1000 0000:00:08.0: PCI INT A -> GSI 16 (level, low) -> IRQ 16
Jun 10 13:59:23 localhost kernel: e1000 0000:00:08.0: eth1: (PCI:33MHz:32-bit) 08:00:27:20:75:5c
Jun 10 13:59:23 localhost kernel: e1000 0000:00:08.0: eth1: Intel(R) PRO/1000 Network Connection
Jun 10 13:59:23 localhost kernel: vboxguest 0000:00:04.0: PCI INT A -> GSI 20 (level, low) -> IRQ 20
Jun 10 13:59:23 localhost kernel: vgdrvHeartbeatInit: Setting up heartbeat to trigger every 2000 milliseconds
Jun 10 13:59:23 localhost kernel: input: Unspecified device as /devices/pci0000:00/0000:00:04.0/input/input6
Jun 10 13:59:23 localhost kernel: vboxguest: misc device minor 57, IRQ 20, I/O port d020, MMIO at 00000000f0400000 (size 0x400000)
Jun 10 13:59:23 localhost kernel: Intel ICH 0000:00:05.0: PCI INT A -> GSI 21 (level, low) -> IRQ 21
Jun 10 13:59:23 localhost kernel: intel8x0: measure - unreliable DMA position..
Jun 10 13:59:23 localhost kernel: intel8x0: measure - unreliable DMA position..
Jun 10 13:59:23 localhost kernel: intel8x0: measure - unreliable DMA position..
Jun 10 13:59:23 localhost kernel: intel8x0: clocking to 48000
Jun 10 13:59:23 localhost kernel: piix4_smbus 0000:00:07.0: SMBus Host Controller at 0x4100, revision 0
Jun 10 13:59:23 localhost kernel: sd 2:0:0:0: Attached scsi generic sg0 type 0
Jun 10 13:59:23 localhost kernel: EXT4-fs (sda1): mounted filesystem with ordered data mode. Opts: 
Jun 10 13:59:23 localhost kernel: Adding 2064380k swap on /dev/mapper/VolGroup-lv_swap.  Priority:-1 extents:1 across:2064380k 
Jun 10 13:59:23 localhost kernel: NET: Registered protocol family 10
Jun 10 13:59:23 localhost kernel: lo: Disabled Privacy Extensions
Jun 10 13:59:23 localhost kernel: e1000: eth0 NIC Link is Up 1000 Mbps Full Duplex, Flow Control: RX
Jun 10 13:59:23 localhost kernel: ADDRCONF(NETDEV_UP): eth0: link is not ready
Jun 10 13:59:23 localhost kernel: ADDRCONF(NETDEV_CHANGE): eth0: link becomes ready
Jun 10 13:59:23 localhost kernel: type=1305 audit(1560175163.104:3): audit_pid=1038 old=0 auid=4294967295 ses=4294967295 subj=system_u:system_r:auditd_t:s0 res=1
Jun 10 13:59:24 localhost rpc.statd[1104]: Version 1.2.3 starting
Jun 10 13:59:24 localhost sm-notify[1105]: Version 1.2.3 starting
Jun 10 13:59:25 localhost vboxadd-service.sh: Starting VirtualBox Guest Addition service.
Jun 10 13:59:25 localhost kernel: VBoxService 5.1.18 r114002 (verbosity: 0) linux.amd64 (Mar 15 2017 16:30:21) release log
Jun 10 13:59:25 localhost kernel: 00:00:00.000597 main     Log opened 2019-06-10T13:59:25.288788000Z
Jun 10 13:59:25 localhost kernel: 00:00:00.000795 main     OS Product: Linux
Jun 10 13:59:25 localhost kernel: 00:00:00.000880 main     OS Release: 2.6.32-642.el6.x86_64
Jun 10 13:59:25 localhost kernel: 00:00:00.000957 main     OS Version: #1 SMP Tue May 10 17:27:01 UTC 2016
Jun 10 13:59:25 localhost kernel: 00:00:00.001036 main     Executable: /opt/VBoxGuestAdditions-5.1.18/sbin/VBoxService
Jun 10 13:59:25 localhost kernel: 00:00:00.001041 main     Process ID: 1196
Jun 10 13:59:25 localhost kernel: 00:00:00.001044 main     Package type: LINUX_64BITS_GENERIC
Jun 10 13:59:25 localhost kernel: 00:00:00.003213 main     5.1.18 r114002 started. Verbose level = 0
Jun 10 13:59:25 localhost vboxadd-service.sh: VirtualBox Guest Addition service started.
Jun 10 13:59:25 localhost kernel: 00:00:00.037554 vminfo   Error: Unable to connect to system D-Bus (1/3): Failed to connect to socket /var/run/dbus/system_bus_socket: No such file or directory
Jun 10 13:59:25 localhost kdump: No crashkernel parameter specified for running kernel
Jun 10 13:59:30 localhost kernel: 00:00:05.043461 vminfo   Error: Unable to connect to system D-Bus (2/3): Failed to connect to socket /var/run/dbus/system_bus_socket: No such file or directory
Jun 10 13:59:35 localhost kernel: 00:00:10.114244 vminfo   Error: Unable to connect to system D-Bus (3/3): Failed to connect to socket /var/run/dbus/system_bus_socket: No such file or directory
Jun 10 13:59:46 localhost kernel: e1000: eth1 NIC Link is Up 1000 Mbps Full Duplex, Flow Control: RX
Jun 10 13:59:46 localhost kernel: ADDRCONF(NETDEV_UP): eth1: link is not ready
Jun 10 13:59:46 localhost kernel: ADDRCONF(NETDEV_CHANGE): eth1: link becomes ready
Jun 10 14:07:08 localhost yum[2839]: Updated: libgcc-4.4.7-23.el6.x86_64
Jun 10 14:07:09 localhost yum[2839]: Updated: setup-2.8.14-23.el6.noarch
Jun 10 14:07:09 localhost yum[2839]: Updated: centos-release-6-10.el6.centos.12.3.x86_64
Jun 10 14:07:25 localhost yum[2839]: Updated: kernel-firmware-2.6.32-754.14.2.el6.noarch
Jun 10 14:07:25 localhost yum[2839]: Updated: 12:dhcp-common-4.1.1-63.P1.el6.centos.x86_64
Jun 10 14:07:34 localhost yum[2839]: Updated: tzdata-2019a-1.el6.noarch
Jun 10 14:08:05 localhost yum[2839]: Updated: glibc-common-2.12-1.212.el6_10.3.x86_64
Jun 10 14:08:08 localhost yum[2839]: Updated: bash-4.1.2-48.el6.x86_64
Jun 10 14:08:17 localhost yum[2839]: Updated: glibc-2.12-1.212.el6_10.3.x86_64
Jun 10 14:08:18 localhost yum[2839]: Updated: nss-softokn-freebl-3.14.3-23.3.el6_8.x86_64
Jun 10 14:08:18 localhost yum[2839]: Updated: libcom_err-1.41.12-24.el6.x86_64
Jun 10 14:08:18 localhost yum[2839]: Updated: nspr-4.19.0-1.el6.x86_64
Jun 10 14:08:18 localhost yum[2839]: Updated: audit-libs-2.4.5-6.el6.x86_64
Jun 10 14:08:19 localhost yum[2839]: Updated: db4-4.7.25-22.el6.x86_64
Jun 10 14:08:19 localhost yum[2839]: Updated: libacl-2.2.49-7.el6_9.1.x86_64
Jun 10 14:08:19 localhost yum[2839]: Updated: nss-util-3.36.0-1.el6.x86_64
Jun 10 14:08:20 localhost yum[2839]: Updated: krb5-libs-1.10.3-65.el6.x86_64
Jun 10 14:08:20 localhost yum[2839]: Updated: grep-2.20-6.el6.x86_64
Jun 10 14:08:20 localhost yum[2839]: Updated: 1:perl-Pod-Escapes-1.04-144.el6.x86_64
Jun 10 14:08:20 localhost yum[2839]: Updated: 3:perl-version-0.77-144.el6.x86_64
Jun 10 14:08:21 localhost yum[2839]: Updated: 4:perl-libs-5.10.1-144.el6.x86_64
Jun 10 14:08:21 localhost yum[2839]: Updated: 1:perl-Pod-Simple-3.13-144.el6.x86_64
Jun 10 14:08:22 localhost yum[2839]: Updated: 1:perl-Module-Pluggable-3.90-144.el6.x86_64
Jun 10 14:08:40 localhost yum[2839]: Updated: 4:perl-5.10.1-144.el6.x86_64
Jun 10 14:08:40 localhost yum[2839]: Updated: libudev-147-2.73.el6_8.2.x86_64
Jun 10 14:08:43 localhost yum[2839]: Updated: glib2-2.28.8-10.el6.x86_64
Jun 10 14:08:43 localhost yum[2839]: Updated: libuuid-2.17.2-12.28.el6_9.2.x86_64
Jun 10 14:08:43 localhost yum[2839]: Updated: libblkid-2.17.2-12.28.el6_9.2.x86_64
Jun 10 14:08:43 localhost yum[2839]: Updated: 1:dbus-libs-1.2.24-9.el6.x86_64
Jun 10 14:08:43 localhost yum[2839]: Updated: nss-softokn-3.14.3-23.3.el6_8.x86_64
Jun 10 14:08:44 localhost yum[2839]: Updated: expat-2.0.1-13.el6_8.x86_64
Jun 10 14:08:44 localhost yum[2839]: Updated: libtirpc-0.2.1-15.el6.x86_64
Jun 10 14:08:44 localhost yum[2839]: Updated: cpio-2.10-13.el6.x86_64
Jun 10 14:08:45 localhost yum[2839]: Updated: device-mapper-persistent-data-0.6.2-0.2.rc7.el6.x86_64
Jun 10 14:08:45 localhost yum[2839]: Updated: libnih-1.0.1-8.el6.x86_64
Jun 10 14:08:46 localhost yum[2839]: Updated: upstart-0.6.5-17.el6.x86_64
Jun 10 14:08:46 localhost yum[2839]: Updated: 2:tar-1.23-15.el6_8.x86_64
Jun 10 14:08:47 localhost yum[2839]: Updated: 2:vim-minimal-7.4.629-5.el6_8.1.x86_64
Jun 10 14:08:47 localhost yum[2839]: Updated: db4-utils-4.7.25-22.el6.x86_64
Jun 10 14:08:47 localhost yum[2839]: Updated: libss-1.41.12-24.el6.x86_64
Jun 10 14:08:47 localhost yum[2839]: Updated: e2fsprogs-libs-1.41.12-24.el6.x86_64
Jun 10 14:08:48 localhost yum[2839]: Updated: newt-0.52.11-4.el6.x86_64
Jun 10 14:08:48 localhost yum[2839]: Updated: psmisc-22.6-24.el6.x86_64
Jun 10 14:08:49 localhost yum[2839]: Updated: net-tools-1.60-114.el6.x86_64
Jun 10 14:08:49 localhost yum[2839]: Updated: plymouth-core-libs-0.8.3-29.el6.centos.x86_64
Jun 10 14:08:50 localhost yum[2839]: Updated: procps-3.2.8-45.el6_9.3.x86_64
Jun 10 14:08:50 localhost yum[2839]: Updated: libstdc++-4.4.7-23.el6.x86_64
Jun 10 14:08:50 localhost yum[2839]: Updated: gmp-4.3.1-13.el6.x86_64
Jun 10 14:08:50 localhost yum[2839]: Updated: coreutils-libs-8.4-47.el6.x86_64
Jun 10 14:08:54 localhost yum[2839]: Updated: coreutils-8.4-47.el6.x86_64
Jun 10 14:08:56 localhost yum[2839]: Updated: pam-1.1.1-24.el6.x86_64
Jun 10 14:08:56 localhost yum[2839]: Updated: plymouth-scripts-0.8.3-29.el6.centos.x86_64
Jun 10 14:09:03 localhost yum[2839]: Updated: ca-certificates-2018.2.22-65.1.el6.noarch
Jun 10 14:09:04 localhost yum[2839]: Updated: openssl-1.0.1e-57.el6.x86_64
Jun 10 14:09:04 localhost yum[2839]: Updated: python-2.6.6-66.el6_8.x86_64
Jun 10 14:09:21 localhost yum[2839]: Updated: python-libs-2.6.6-66.el6_8.x86_64
Jun 10 14:09:22 localhost yum[2839]: Updated: mysql-libs-5.1.73-8.el6_8.x86_64
Jun 10 14:09:23 localhost yum[2839]: Updated: gzip-1.3.12-24.el6.x86_64
Jun 10 14:09:23 localhost yum[2839]: Updated: logrotate-3.7.8-28.el6.x86_64
Jun 10 14:09:23 localhost yum[2839]: Updated: nss-sysinit-3.36.0-9.el6_10.x86_64
Jun 10 14:09:24 localhost yum[2839]: Updated: nss-3.36.0-9.el6_10.x86_64
Jun 10 14:09:25 localhost yum[2839]: Updated: nss-tools-3.36.0-9.el6_10.x86_64
Jun 10 14:09:25 localhost yum[2839]: Updated: libcurl-7.19.7-53.el6_9.x86_64
Jun 10 14:09:25 localhost yum[2839]: Updated: curl-7.19.7-53.el6_9.x86_64
Jun 10 14:09:25 localhost yum[2839]: Updated: rpm-libs-4.8.0-59.el6.x86_64
Jun 10 14:09:27 localhost yum[2839]: Updated: rpm-4.8.0-59.el6.x86_64
Jun 10 14:09:27 localhost yum[2839]: Updated: openldap-2.4.40-16.el6.x86_64
Jun 10 14:09:27 localhost yum[2839]: Updated: rpm-python-4.8.0-59.el6.x86_64
Jun 10 14:09:27 localhost yum[2839]: Updated: yum-plugin-fastestmirror-1.1.30-42.el6_10.noarch
Jun 10 14:09:29 localhost yum[2839]: Updated: yum-3.2.29-81.el6.centos.0.1.noarch
Jun 10 14:09:30 localhost yum[2839]: Updated: rpcbind-0.2.0-16.el6.x86_64
Jun 10 14:09:32 localhost yum[2839]: Updated: binutils-2.20.51.0.2-5.48.el6_10.1.x86_64
Jun 10 14:09:33 localhost yum[2839]: Updated: module-init-tools-3.9-26.el6.x86_64
Jun 10 14:09:34 localhost yum[2839]: Updated: hwdata-0.233-20.1.el6.noarch
Jun 10 14:09:35 localhost yum[2839]: Updated: iptables-1.4.7-19.el6.x86_64
Jun 10 14:09:36 localhost yum[2839]: Updated: iproute-2.6.32-57.el6.x86_64
Jun 10 14:09:36 localhost yum[2839]: Updated: iputils-20071127-24.el6.x86_64
Jun 10 14:09:36 localhost yum[2839]: Updated: plymouth-0.8.3-29.el6.centos.x86_64
Jun 10 14:09:40 localhost yum[2839]: Updated: util-linux-ng-2.17.2-12.28.el6_9.2.x86_64
Jun 10 14:09:42 localhost yum[2839]: Updated: initscripts-9.03.61-1.el6.centos.x86_64
Jun 10 14:09:44 localhost kernel: udev: starting version 147
Jun 10 14:09:44 localhost yum[2839]: Updated: udev-147-2.73.el6_8.2.x86_64
Jun 10 14:09:46 localhost yum[2839]: Updated: policycoreutils-2.0.83-30.1.el6_8.x86_64
Jun 10 14:09:47 localhost yum[2839]: Updated: dracut-004-411.el6.noarch
Jun 10 14:09:47 localhost yum[2839]: Updated: device-mapper-libs-1.02.117-12.el6_9.1.x86_64
Jun 10 14:09:47 localhost yum[2839]: Updated: device-mapper-1.02.117-12.el6_9.1.x86_64
Jun 10 14:09:47 localhost yum[2839]: Updated: device-mapper-event-libs-1.02.117-12.el6_9.1.x86_64
Jun 10 14:09:48 localhost yum[2839]: Updated: openssh-5.3p1-124.el6_10.x86_64
Jun 10 14:09:48 localhost yum[2839]: Updated: device-mapper-event-1.02.117-12.el6_9.1.x86_64
Jun 10 14:09:49 localhost yum[2839]: Updated: lvm2-libs-2.02.143-12.el6_9.1.x86_64
Jun 10 14:09:49 localhost yum[2839]: Updated: kpartx-0.4.9-106.el6_10.1.x86_64
Jun 10 14:09:49 localhost yum[2839]: Updated: dracut-kernel-004-411.el6.noarch
Jun 10 14:09:53 localhost yum[2839]: Updated: selinux-policy-3.7.19-312.el6.noarch
Jun 10 14:09:54 localhost yum[2839]: Updated: mdadm-3.3.4-8.el6.x86_64
Jun 10 14:09:59 localhost yum[2839]: Updated: 2:postfix-2.6.6-8.el6.x86_64
Jun 10 14:10:01 localhost yum[2839]: Updated: rsyslog-5.8.10-12.el6.x86_64
Jun 10 14:10:01 localhost yum[2839]: Updated: cronie-anacron-1.4.4-16.el6_8.2.x86_64
Jun 10 14:10:02 localhost yum[2839]: Updated: cronie-1.4.4-16.el6_8.2.x86_64
Jun 10 14:10:03 localhost yum[2839]: Updated: nfs-utils-lib-1.1.5-13.el6.x86_64
Jun 10 14:10:07 localhost yum[2839]: Updated: 1:nfs-utils-1.2.3-78.el6_10.1.x86_64
Jun 10 14:10:07 localhost yum[2839]: Updated: libgcrypt-1.4.5-12.el6_8.x86_64
Jun 10 14:10:09 localhost yum[2839]: Updated: gnupg2-2.0.14-9.el6_10.x86_64
Jun 10 14:10:10 localhost yum[2839]: Updated: kexec-tools-2.0.0-310.el6.x86_64
Jun 10 14:14:43 localhost yum[2839]: selinux-policy-targeted-3.7.19-312.el6.noarch: 100
Jun 10 14:15:56 localhost yum[3554]: Updated: e2fsprogs-1.41.12-24.el6.x86_64
Jun 10 14:15:56 localhost yum[3554]: Updated: rdma-6.9_4.1-3.el6.noarch
Jun 10 14:15:57 localhost yum[3554]: Updated: openssh-server-5.3p1-124.el6_10.x86_64
Jun 10 14:15:57 localhost yum[3554]: Updated: 12:dhclient-4.1.1-63.P1.el6.centos.x86_64
Jun 10 14:15:57 localhost yum[3554]: Updated: acl-2.2.49-7.el6_9.1.x86_64
Jun 10 14:15:57 localhost yum[3554]: Updated: newt-python-0.52.11-4.el6.x86_64
Jun 10 14:15:58 localhost yum[3554]: Updated: libxml2-2.7.6-21.el6_8.1.x86_64
Jun 10 14:15:58 localhost yum[3554]: Updated: libgomp-4.4.7-23.el6.x86_64
Jun 10 14:15:59 localhost yum[3554]: Updated: audit-2.4.5-6.el6.x86_64
Jun 10 14:16:26 localhost yum[3554]: Installed: kernel-2.6.32-754.14.2.el6.x86_64
Jun 10 14:16:27 localhost yum[3554]: Updated: openssh-clients-5.3p1-124.el6_10.x86_64
Jun 10 14:16:28 localhost yum[3554]: Updated: lvm2-2.02.143-12.el6_9.1.x86_64
Jun 10 14:16:29 localhost yum[3554]: Updated: wget-1.12-10.el6.x86_64
Jun 10 14:16:29 localhost yum[3554]: Updated: efibootmgr-0.5.4-15.el6.x86_64
Jun 10 14:16:30 localhost yum[3554]: Updated: sudo-1.8.6p3-29.el6_9.x86_64
Jun 10 14:16:31 localhost yum[3554]: Updated: 1:grub-0.97-99.el6.x86_64
Jun 10 14:16:31 localhost yum[3554]: Updated: iptables-ipv6-1.4.7-19.el6.x86_64
Jun 10 14:16:36 localhost auditd[1038]: The audit daemon is exiting.
Jun 10 14:16:36 localhost kernel: type=1305 audit(1560176196.685:639): audit_pid=0 old=1038 auid=4294967295 ses=4294967295 subj=system_u:system_r:auditd_t:s0 res=1
Jun 10 14:16:36 localhost kernel: type=1305 audit(1560176196.819:640): audit_enabled=0 old=1 auid=500 ses=5 subj=unconfined_u:system_r:auditctl_t:s0 res=1
Jun 10 14:16:36 localhost auditd[3678]: Started dispatcher: /sbin/audispd pid: 3680
Jun 10 14:16:36 localhost kernel: type=1305 audit(1560176196.871:641): audit_pid=3678 old=0 auid=500 ses=5 subj=unconfined_u:system_r:auditd_t:s0 res=1
Jun 10 14:16:36 localhost audispd: No plugins found, exiting
Jun 10 14:16:36 localhost auditd[3678]: Init complete, auditd 2.4.5 listening for events (startup state enable)
Jun 10 14:20:06 localhost yum[13671]: Installed: 1:perl-Error-0.17015-4.el6.noarch
Jun 10 14:20:07 localhost yum[13671]: Installed: rsync-3.0.6-12.el6.x86_64
Jun 10 14:20:07 localhost yum[13671]: Installed: perl-Git-1.7.1-9.el6_9.noarch
Jun 10 14:20:14 localhost yum[13671]: Installed: git-1.7.1-9.el6_9.x86_64
Jun 10 14:21:47 localhost yum[13681]: Installed: epel-release-6-8.noarch
Jun 10 14:22:23 localhost yum[13684]: Installed: python-crypto-2.0.1-22.el6.x86_64
Jun 10 14:22:26 localhost yum[13684]: Installed: python-paramiko-1.7.5-5.el6_10.noarch
Jun 10 14:22:27 localhost yum[13684]: Installed: python-markupsafe-0.9.2-4.el6.x86_64
Jun 10 14:22:27 localhost yum[13684]: Installed: python-pyasn1-0.0.12a-1.el6.noarch
Jun 10 14:22:28 localhost yum[13684]: Installed: python-keyczar-0.71c-1.el6.noarch
Jun 10 14:22:31 localhost yum[13684]: Installed: python-crypto2.6-2.6.1-2.el6.x86_64
Jun 10 14:22:31 localhost yum[13684]: Installed: python-six-1.9.0-2.el6.noarch
Jun 10 14:22:32 localhost yum[13684]: Installed: python-setuptools-0.6.10-4.el6_9.noarch
Jun 10 14:22:33 localhost yum[13684]: Installed: python-httplib2-0.7.7-1.el6.noarch
Jun 10 14:22:33 localhost yum[13684]: Installed: libyaml-0.1.3-4.el6_6.x86_64
Jun 10 14:22:33 localhost yum[13684]: Installed: PyYAML-3.10-3.1.el6.x86_64
Jun 10 14:22:34 localhost yum[13684]: Installed: sshpass-1.06-1.el6.x86_64
Jun 10 14:22:34 localhost yum[13684]: Installed: python-simplejson-2.0.9-3.1.el6.x86_64
Jun 10 14:22:39 localhost yum[13684]: Installed: python-babel-0.9.4-5.1.el6.noarch
Jun 10 14:22:41 localhost yum[13684]: Installed: python-jinja2-26-2.6-3.el6.noarch
Jun 10 14:23:36 localhost yum[13684]: Installed: ansible-2.6.16-1.el6.noarch
Jun 10 14:23:52 localhost ansible-setup: Invoked with filter=* gather_subset=['all'] fact_path=/etc/ansible/facts.d gather_timeout=10
Jun 10 14:24:00 localhost ansible-service: Invoked with name=iptables pattern=None enabled=False state=stopped sleep=None arguments= runlevel=default
Jun 10 14:24:04 localhost ansible-yum: Invoked with allow_downgrade=False name=['libselinux-python'] bugfix=False list=None disable_gpg_check=False conf_file=None install_repoquery=True validate_certs=True state=latest disablerepo=None update_cache=False disable_plugin=[] enablerepo=None exclude=None security=False update_only=False enable_plugin=[] installroot=/ skip_broken=False
Jun 10 14:24:32 localhost yum[13900]: Installed: libselinux-python-2.0.94-7.el6.x86_64
Jun 10 14:24:38 localhost ansible-selinux: Invoked with policy=None configfile=/etc/selinux/config state=disabled
Jun 10 14:24:38 localhost ansible-selinux: [WARNING] SELinux state change will take effect next reboot
Jun 10 14:24:41 localhost ansible-file: Invoked with directory_mode=None force=False remote_src=None _original_basename=None path=/etc/localtime owner=None follow=True group=None unsafe_writes=None serole=None content=NOT_LOGGING_PARAMETER state=absent setype=None selevel=None regexp=None src=None seuser=None recurse=False _diff_peek=None delimiter=None mode=None attributes=None backup=None
Jun 10 14:24:42 localhost ansible-file: Invoked with directory_mode=None force=True remote_src=None _original_basename=None path=/etc/localtime owner=None follow=True group=None unsafe_writes=None state=link content=NOT_LOGGING_PARAMETER serole=None setype=None dest=/etc/localtime selevel=None regexp=None src=/usr/share/zoneinfo/Asia/Tokyo seuser=None recurse=False _diff_peek=None delimiter=None mode=0644 attributes=None backup=None
Jun 10 14:24:46 localhost ansible-lineinfile: Invoked with directory_mode=None force=None remote_src=None backrefs=False insertafter=None path=/etc/sysconfig/i18n owner=None follow=False line=LANG="ja_JP.UTF-8" group=None insertbefore=None unsafe_writes=None create=False state=present content=NOT_LOGGING_PARAMETER serole=None setype=None dest=/etc/sysconfig/i18n selevel=None regexp=^LANG= validate=None src=None seuser=None delimiter=None mode=None firstmatch=False attributes=None backup=False
Jun 10 14:24:50 localhost ansible-command: Invoked with warn=True executable=None _uses_shell=False _raw_params=rpm -Uvh --force http://rpms.famillecollet.com/enterprise/remi-release-6.rpm removes=None argv=None creates=None chdir=None stdin=None
Jun 10 14:24:50 localhost ansible-command: [WARNING] Consider using the yum, dnf or zypper module rather than running rpm.  If you need to use command because yum, dnf or zypper is insufficient you can add warn=False to this command task or set command_warnings=False in ansible.cfg to get rid of this message.
Jun 10 14:24:56 localhost ansible-yum: Invoked with allow_downgrade=False name=['man'] bugfix=False list=None disable_gpg_check=False conf_file=None install_repoquery=True validate_certs=True state=latest disablerepo=None update_cache=False disable_plugin=[] enablerepo=None exclude=None security=False update_only=False enable_plugin=[] installroot=/ skip_broken=False
Jun 10 14:25:54 localhost yum[14221]: Installed: xz-4.999.9-0.5.beta.20091007git.el6.x86_64
Jun 10 14:25:54 localhost yum[14221]: Installed: xz-lzma-compat-4.999.9-0.5.beta.20091007git.el6.x86_64
Jun 10 14:25:56 localhost yum[14221]: Installed: man-1.6f-39.el6.x86_64
Jun 10 14:26:00 localhost ansible-yum: Invoked with allow_downgrade=False name=['httpd'] bugfix=False list=None disable_gpg_check=False conf_file=None install_repoquery=True validate_certs=True state=latest disablerepo=None update_cache=False disable_plugin=[] enablerepo=None exclude=None security=False update_only=False enable_plugin=[] installroot=/ skip_broken=False
Jun 10 14:26:45 localhost yum[14467]: Installed: apr-1.3.9-5.el6_9.1.x86_64
Jun 10 14:26:45 localhost yum[14467]: Installed: apr-util-1.3.9-3.el6_0.1.x86_64
Jun 10 14:26:46 localhost yum[14467]: Installed: httpd-tools-2.2.15-69.el6.centos.x86_64
Jun 10 14:26:46 localhost yum[14467]: Installed: apr-util-ldap-1.3.9-3.el6_0.1.x86_64
Jun 10 14:26:46 localhost yum[14467]: Installed: mailcap-2.1.31-2.el6.noarch
Jun 10 14:26:51 localhost yum[14467]: Installed: httpd-2.2.15-69.el6.centos.x86_64
Jun 10 14:26:55 localhost ansible-service: Invoked with name=httpd pattern=None enabled=True state=started sleep=None arguments= runlevel=default
Jun 10 14:26:58 localhost ansible-file: Invoked with directory_mode=None force=False remote_src=None _original_basename=None path=/var/www/html owner=vagrant follow=True group=None unsafe_writes=None serole=None content=NOT_LOGGING_PARAMETER state=None setype=None dest=/var/www/html selevel=None regexp=None src=None seuser=None recurse=True _diff_peek=None delimiter=None mode=None attributes=None backup=None
Jun 10 14:27:02 localhost ansible-stat: Invoked with checksum_algorithm=sha1 get_checksum=True follow=False checksum_algo=sha1 path=/etc/httpd/conf/httpd.conf get_md5=None get_mime=True get_attributes=True
Jun 10 14:27:05 localhost ansible-copy: Invoked with directory_mode=None force=True remote_src=None _original_basename=httpd.conf.custom owner=None follow=False local_follow=None group=None unsafe_writes=None setype=None content=NOT_LOGGING_PARAMETER serole=None dest=/etc/httpd/conf/httpd.conf selevel=None regexp=None validate=None src=/home/vagrant/.ansible/tmp/ansible-tmp-1560176820.06-56634585569697/source checksum=fcfa186d91ab2ffd2cc48dbf86de466b6e36a47e seuser=None delimiter=None mode=None attributes=None backup=True
Jun 10 14:27:08 localhost ansible-yum: Invoked with allow_downgrade=False name=['gd-last'] bugfix=False list=None disable_gpg_check=False conf_file=None install_repoquery=True validate_certs=True state=latest disablerepo=None update_cache=False disable_plugin=[] enablerepo=remi exclude=None security=False update_only=False enable_plugin=[] installroot=/ skip_broken=False
Jun 10 14:28:17 localhost yum[14899]: Installed: libjpeg-turbo-1.2.1-3.el6_5.x86_64
Jun 10 14:28:17 localhost yum[14899]: Installed: freetype-2.3.11-17.el6.x86_64
Jun 10 14:28:20 localhost yum[14899]: Installed: fontconfig-2.8.0-5.el6.x86_64
Jun 10 14:28:20 localhost yum[14899]: Installed: libtiff-3.9.4-21.el6_8.x86_64
Jun 10 14:28:21 localhost yum[14899]: Installed: 2:libpng-1.2.49-2.el6_7.x86_64
Jun 10 14:28:22 localhost yum[14899]: Installed: libX11-common-1.6.4-3.el6.noarch
Jun 10 14:28:22 localhost yum[14899]: Installed: libXau-1.0.6-4.el6.x86_64
Jun 10 14:28:23 localhost yum[14899]: Installed: libxcb-1.12-4.el6.x86_64
Jun 10 14:28:23 localhost yum[14899]: Installed: libX11-1.6.4-3.el6.x86_64
Jun 10 14:28:24 localhost yum[14899]: Installed: libXpm-3.5.10-2.el6.x86_64
Jun 10 14:28:24 localhost yum[14899]: Installed: libwebp-0.4.3-3.el6.x86_64
Jun 10 14:28:24 localhost yum[14899]: Installed: gd-last-2.2.5-5.el6.remi.x86_64
Jun 10 14:28:29 localhost ansible-yum: Invoked with allow_downgrade=False name=['php', 'php-common', 'php-pdo', 'php-cli', 'php-devel', 'php-mysqlnd', 'php-mbstring', 'php-gd', 'php-intl', 'php-xml'] bugfix=False list=None disable_gpg_check=False conf_file=None install_repoquery=True validate_certs=True state=present disablerepo=None update_cache=False disable_plugin=[] enablerepo=remi-php56 exclude=None security=False update_only=False enable_plugin=[] installroot=/ skip_broken=False
Jun 10 14:34:44 localhost ansible-setup: Invoked with filter=* gather_subset=['all'] fact_path=/etc/ansible/facts.d gather_timeout=10
Jun 10 14:34:53 localhost ansible-service: Invoked with name=iptables pattern=None enabled=False state=stopped sleep=None arguments= runlevel=default
Jun 10 14:34:57 localhost ansible-yum: Invoked with allow_downgrade=False name=['libselinux-python'] bugfix=False list=None disable_gpg_check=False conf_file=None install_repoquery=True validate_certs=True state=latest disablerepo=None update_cache=False disable_plugin=[] enablerepo=None exclude=None security=False update_only=False enable_plugin=[] installroot=/ skip_broken=False
Jun 10 14:35:14 localhost ansible-selinux: Invoked with policy=None configfile=/etc/selinux/config state=disabled
Jun 10 14:35:14 localhost ansible-selinux: [WARNING] SELinux state change will take effect next reboot
Jun 10 14:35:16 localhost ansible-file: Invoked with directory_mode=None force=False remote_src=None _original_basename=None path=/etc/localtime owner=None follow=True group=None unsafe_writes=None serole=None content=NOT_LOGGING_PARAMETER state=absent setype=None selevel=None regexp=None src=None seuser=None recurse=False _diff_peek=None delimiter=None mode=None attributes=None backup=None
Jun 10 14:35:18 localhost ansible-file: Invoked with directory_mode=None force=True remote_src=None _original_basename=None path=/etc/localtime owner=None follow=True group=None unsafe_writes=None state=link content=NOT_LOGGING_PARAMETER serole=None setype=None dest=/etc/localtime selevel=None regexp=None src=/usr/share/zoneinfo/Asia/Tokyo seuser=None recurse=False _diff_peek=None delimiter=None mode=0644 attributes=None backup=None
Jun 10 14:35:21 localhost ansible-lineinfile: Invoked with directory_mode=None force=None remote_src=None backrefs=False insertafter=None path=/etc/sysconfig/i18n owner=None follow=False line=LANG="ja_JP.UTF-8" group=None insertbefore=None unsafe_writes=None create=False state=present content=NOT_LOGGING_PARAMETER serole=None setype=None dest=/etc/sysconfig/i18n selevel=None regexp=^LANG= validate=None src=None seuser=None delimiter=None mode=None firstmatch=False attributes=None backup=False
Jun 10 14:35:25 localhost ansible-command: Invoked with warn=True executable=None _uses_shell=False _raw_params=rpm -Uvh --force http://rpms.famillecollet.com/enterprise/remi-release-6.rpm removes=None argv=None creates=None chdir=None stdin=None
Jun 10 14:35:25 localhost ansible-command: [WARNING] Consider using the yum, dnf or zypper module rather than running rpm.  If you need to use command because yum, dnf or zypper is insufficient you can add warn=False to this command task or set command_warnings=False in ansible.cfg to get rid of this message.
Jun 10 14:35:30 localhost ansible-yum: Invoked with allow_downgrade=False name=['man'] bugfix=False list=None disable_gpg_check=False conf_file=None install_repoquery=True validate_certs=True state=latest disablerepo=None update_cache=False disable_plugin=[] enablerepo=None exclude=None security=False update_only=False enable_plugin=[] installroot=/ skip_broken=False
Jun 10 14:35:44 localhost ansible-yum: Invoked with allow_downgrade=False name=['httpd'] bugfix=False list=None disable_gpg_check=False conf_file=None install_repoquery=True validate_certs=True state=latest disablerepo=None update_cache=False disable_plugin=[] enablerepo=None exclude=None security=False update_only=False enable_plugin=[] installroot=/ skip_broken=False
Jun 10 14:36:01 localhost ansible-service: Invoked with name=httpd pattern=None enabled=True state=started sleep=None arguments= runlevel=default
Jun 10 14:36:03 localhost ansible-file: Invoked with directory_mode=None force=False remote_src=None _original_basename=None path=/var/www/html owner=vagrant follow=True group=None unsafe_writes=None serole=None content=NOT_LOGGING_PARAMETER state=None setype=None dest=/var/www/html selevel=None regexp=None src=None seuser=None recurse=True _diff_peek=None delimiter=None mode=None attributes=None backup=None
Jun 10 14:36:06 localhost ansible-stat: Invoked with checksum_algorithm=sha1 get_checksum=True follow=False checksum_algo=sha1 path=/etc/httpd/conf/httpd.conf get_md5=None get_mime=True get_attributes=True
Jun 10 14:36:07 localhost ansible-file: Invoked with directory_mode=None force=False remote_src=None _original_basename=httpd.conf.custom path=/etc/httpd/conf/httpd.conf owner=None follow=True group=None unsafe_writes=None state=file content=NOT_LOGGING_PARAMETER serole=None setype=None dest=/etc/httpd/conf/httpd.conf selevel=None regexp=None src=None seuser=None recurse=False _diff_peek=None delimiter=None mode=None attributes=None backup=None
Jun 10 14:36:10 localhost ansible-yum: Invoked with allow_downgrade=False name=['gd-last'] bugfix=False list=None disable_gpg_check=False conf_file=None install_repoquery=True validate_certs=True state=latest disablerepo=None update_cache=False disable_plugin=[] enablerepo=remi exclude=None security=False update_only=False enable_plugin=[] installroot=/ skip_broken=False
Jun 10 14:36:33 localhost ansible-yum: Invoked with allow_downgrade=False name=['php', 'php-common', 'php-pdo', 'php-cli', 'php-devel', 'php-mysqlnd', 'php-mbstring', 'php-gd', 'php-intl', 'php-xml'] bugfix=False list=None disable_gpg_check=False conf_file=None install_repoquery=True validate_certs=True state=present disablerepo=None update_cache=False disable_plugin=[] enablerepo=remi-php56 exclude=None security=False update_only=False enable_plugin=[] installroot=/ skip_broken=False
Jun 10 14:46:09 localhost ansible-setup: Invoked with filter=* gather_subset=['all'] fact_path=/etc/ansible/facts.d gather_timeout=10
Jun 10 14:46:18 localhost ansible-service: Invoked with name=iptables pattern=None enabled=False state=stopped sleep=None arguments= runlevel=default
Jun 10 14:46:22 localhost ansible-yum: Invoked with allow_downgrade=False name=['libselinux-python'] bugfix=False list=None disable_gpg_check=False conf_file=None install_repoquery=True validate_certs=True state=latest disablerepo=None update_cache=False disable_plugin=[] enablerepo=None exclude=None security=False update_only=False enable_plugin=[] installroot=/ skip_broken=False
Jun 10 14:46:42 localhost ansible-selinux: Invoked with policy=None configfile=/etc/selinux/config state=disabled
Jun 10 14:46:42 localhost ansible-selinux: [WARNING] SELinux state change will take effect next reboot
Jun 10 14:46:45 localhost ansible-file: Invoked with directory_mode=None force=False remote_src=None _original_basename=None path=/etc/localtime owner=None follow=True group=None unsafe_writes=None serole=None content=NOT_LOGGING_PARAMETER state=absent setype=None selevel=None regexp=None src=None seuser=None recurse=False _diff_peek=None delimiter=None mode=None attributes=None backup=None
Jun 10 14:46:46 localhost ansible-file: Invoked with directory_mode=None force=True remote_src=None _original_basename=None path=/etc/localtime owner=None follow=True group=None unsafe_writes=None state=link content=NOT_LOGGING_PARAMETER serole=None setype=None dest=/etc/localtime selevel=None regexp=None src=/usr/share/zoneinfo/Asia/Tokyo seuser=None recurse=False _diff_peek=None delimiter=None mode=0644 attributes=None backup=None
Jun 10 14:46:50 localhost ansible-lineinfile: Invoked with directory_mode=None force=None remote_src=None backrefs=False insertafter=None path=/etc/sysconfig/i18n owner=None follow=False line=LANG="ja_JP.UTF-8" group=None insertbefore=None unsafe_writes=None create=False state=present content=NOT_LOGGING_PARAMETER serole=None setype=None dest=/etc/sysconfig/i18n selevel=None regexp=^LANG= validate=None src=None seuser=None delimiter=None mode=None firstmatch=False attributes=None backup=False
Jun 10 14:46:53 localhost ansible-command: Invoked with warn=True executable=None _uses_shell=False _raw_params=rpm -Uvh --force http://rpms.famillecollet.com/enterprise/remi-release-6.rpm removes=None argv=None creates=None chdir=None stdin=None
Jun 10 14:46:53 localhost ansible-command: [WARNING] Consider using the yum, dnf or zypper module rather than running rpm.  If you need to use command because yum, dnf or zypper is insufficient you can add warn=False to this command task or set command_warnings=False in ansible.cfg to get rid of this message.
Jun 10 14:46:59 localhost ansible-yum: Invoked with allow_downgrade=False name=['man'] bugfix=False list=None disable_gpg_check=False conf_file=None install_repoquery=True validate_certs=True state=latest disablerepo=None update_cache=False disable_plugin=[] enablerepo=None exclude=None security=False update_only=False enable_plugin=[] installroot=/ skip_broken=False
Jun 10 14:47:13 localhost ansible-yum: Invoked with allow_downgrade=False name=['httpd'] bugfix=False list=None disable_gpg_check=False conf_file=None install_repoquery=True validate_certs=True state=latest disablerepo=None update_cache=False disable_plugin=[] enablerepo=None exclude=None security=False update_only=False enable_plugin=[] installroot=/ skip_broken=False
Jun 10 14:47:31 localhost ansible-service: Invoked with name=httpd pattern=None enabled=True state=started sleep=None arguments= runlevel=default
Jun 10 14:47:33 localhost ansible-file: Invoked with directory_mode=None force=False remote_src=None _original_basename=None path=/var/www/html owner=vagrant follow=True group=None unsafe_writes=None serole=None content=NOT_LOGGING_PARAMETER state=None setype=None dest=/var/www/html selevel=None regexp=None src=None seuser=None recurse=True _diff_peek=None delimiter=None mode=None attributes=None backup=None
Jun 10 14:47:36 localhost ansible-stat: Invoked with checksum_algorithm=sha1 get_checksum=True follow=False checksum_algo=sha1 path=/etc/httpd/conf/httpd.conf get_md5=None get_mime=True get_attributes=True
Jun 10 14:47:37 localhost ansible-file: Invoked with directory_mode=None force=False remote_src=None _original_basename=httpd.conf.custom path=/etc/httpd/conf/httpd.conf owner=None follow=True group=None unsafe_writes=None state=file content=NOT_LOGGING_PARAMETER serole=None setype=None dest=/etc/httpd/conf/httpd.conf selevel=None regexp=None src=None seuser=None recurse=False _diff_peek=None delimiter=None mode=None attributes=None backup=None
Jun 10 14:47:41 localhost ansible-yum: Invoked with allow_downgrade=False name=['gd-last'] bugfix=False list=None disable_gpg_check=False conf_file=None install_repoquery=True validate_certs=True state=latest disablerepo=None update_cache=False disable_plugin=[] enablerepo=remi exclude=None security=False update_only=False enable_plugin=[] installroot=/ skip_broken=False
Jun 10 14:48:03 localhost ansible-yum: Invoked with allow_downgrade=False name=['php', 'php-common', 'php-pdo', 'php-cli', 'php-devel', 'php-mysqlnd', 'php-mbstring', 'php-gd', 'php-intl', 'php-xml'] bugfix=False list=None disable_gpg_check=False conf_file=None install_repoquery=True validate_certs=True state=present disablerepo=None update_cache=False disable_plugin=[] enablerepo=remi-php56 exclude=None security=False update_only=False enable_plugin=[] installroot=/ skip_broken=False
Jun 10 14:50:45 localhost ansible-setup: Invoked with filter=* gather_subset=['all'] fact_path=/etc/ansible/facts.d gather_timeout=10
Jun 10 14:51:01 localhost ansible-service: Invoked with name=iptables pattern=None enabled=False state=stopped sleep=None arguments= runlevel=default
Jun 10 14:51:09 localhost ansible-yum: Invoked with allow_downgrade=False name=['libselinux-python'] bugfix=False list=None disable_gpg_check=False conf_file=None install_repoquery=True validate_certs=True state=latest disablerepo=None update_cache=False disable_plugin=[] enablerepo=None exclude=None security=False update_only=False enable_plugin=[] installroot=/ skip_broken=False
Jun 10 14:51:34 localhost ansible-selinux: Invoked with policy=None configfile=/etc/selinux/config state=disabled
Jun 10 14:51:34 localhost ansible-selinux: [WARNING] SELinux state change will take effect next reboot
Jun 10 14:51:37 localhost ansible-file: Invoked with directory_mode=None force=False remote_src=None _original_basename=None path=/etc/localtime owner=None follow=True group=None unsafe_writes=None serole=None content=NOT_LOGGING_PARAMETER state=absent setype=None selevel=None regexp=None src=None seuser=None recurse=False _diff_peek=None delimiter=None mode=None attributes=None backup=None
Jun 10 14:51:39 localhost ansible-file: Invoked with directory_mode=None force=True remote_src=None _original_basename=None path=/etc/localtime owner=None follow=True group=None unsafe_writes=None state=link content=NOT_LOGGING_PARAMETER serole=None setype=None dest=/etc/localtime selevel=None regexp=None src=/usr/share/zoneinfo/Asia/Tokyo seuser=None recurse=False _diff_peek=None delimiter=None mode=0644 attributes=None backup=None
Jun 10 14:51:43 localhost ansible-lineinfile: Invoked with directory_mode=None force=None remote_src=None backrefs=False insertafter=None path=/etc/sysconfig/i18n owner=None follow=False line=LANG="ja_JP.UTF-8" group=None insertbefore=None unsafe_writes=None create=False state=present content=NOT_LOGGING_PARAMETER serole=None setype=None dest=/etc/sysconfig/i18n selevel=None regexp=^LANG= validate=None src=None seuser=None delimiter=None mode=None firstmatch=False attributes=None backup=False
Jun 10 14:51:47 localhost ansible-command: Invoked with warn=True executable=None _uses_shell=False _raw_params=rpm -Uvh --force http://rpms.famillecollet.com/enterprise/remi-release-6.rpm removes=None argv=None creates=None chdir=None stdin=None
Jun 10 14:51:47 localhost ansible-command: [WARNING] Consider using the yum, dnf or zypper module rather than running rpm.  If you need to use command because yum, dnf or zypper is insufficient you can add warn=False to this command task or set command_warnings=False in ansible.cfg to get rid of this message.
Jun 10 14:51:52 localhost ansible-yum: Invoked with allow_downgrade=False name=['man'] bugfix=False list=None disable_gpg_check=False conf_file=None install_repoquery=True validate_certs=True state=latest disablerepo=None update_cache=False disable_plugin=[] enablerepo=None exclude=None security=False update_only=False enable_plugin=[] installroot=/ skip_broken=False
Jun 10 14:52:13 localhost ansible-yum: Invoked with allow_downgrade=False name=['httpd'] bugfix=False list=None disable_gpg_check=False conf_file=None install_repoquery=True validate_certs=True state=latest disablerepo=None update_cache=False disable_plugin=[] enablerepo=None exclude=None security=False update_only=False enable_plugin=[] installroot=/ skip_broken=False
Jun 10 14:52:27 localhost ansible-service: Invoked with name=httpd pattern=None enabled=True state=started sleep=None arguments= runlevel=default
Jun 10 14:52:28 localhost ansible-file: Invoked with directory_mode=None force=False remote_src=None _original_basename=None path=/var/www/html owner=vagrant follow=True group=None unsafe_writes=None serole=None content=NOT_LOGGING_PARAMETER state=None setype=None dest=/var/www/html selevel=None regexp=None src=None seuser=None recurse=True _diff_peek=None delimiter=None mode=None attributes=None backup=None
Jun 10 14:52:33 localhost ansible-stat: Invoked with checksum_algorithm=sha1 get_checksum=True follow=False checksum_algo=sha1 path=/etc/httpd/conf/httpd.conf get_md5=None get_mime=True get_attributes=True
Jun 10 14:52:34 localhost ansible-file: Invoked with directory_mode=None force=False remote_src=None _original_basename=httpd.conf.custom path=/etc/httpd/conf/httpd.conf owner=None follow=True group=None unsafe_writes=None state=file content=NOT_LOGGING_PARAMETER serole=None setype=None dest=/etc/httpd/conf/httpd.conf selevel=None regexp=None src=None seuser=None recurse=False _diff_peek=None delimiter=None mode=None attributes=None backup=None
Jun 10 14:52:37 localhost ansible-yum: Invoked with allow_downgrade=False name=['gd-last'] bugfix=False list=None disable_gpg_check=False conf_file=None install_repoquery=True validate_certs=True state=latest disablerepo=None update_cache=False disable_plugin=[] enablerepo=remi exclude=None security=False update_only=False enable_plugin=[] installroot=/ skip_broken=False
Jun 10 14:52:57 localhost ansible-yum: Invoked with allow_downgrade=False name=['php', 'php-common', 'php-pdo', 'php-cli', 'php-devel', 'php-mysqlnd', 'php-mbstring', 'php-gd', 'php-intl', 'php-xml'] bugfix=False list=None disable_gpg_check=False conf_file=None install_repoquery=True validate_certs=True state=present disablerepo=None update_cache=False disable_plugin=[] enablerepo=remi-php56 exclude=None security=False update_only=False enable_plugin=[] installroot=/ skip_broken=False
Jun 10 15:00:31 localhost yum[20562]: Installed: libxml2-python-2.7.6-21.el6_8.1.x86_64
Jun 10 15:00:32 localhost yum[20562]: Installed: yum-utils-1.1.30-42.el6_10.noarch
Jun 10 15:03:32 localhost ansible-setup: Invoked with filter=* gather_subset=['all'] fact_path=/etc/ansible/facts.d gather_timeout=10
Jun 10 15:03:41 localhost ansible-service: Invoked with name=iptables pattern=None enabled=False state=stopped sleep=None arguments= runlevel=default
Jun 10 15:03:45 localhost ansible-yum: Invoked with allow_downgrade=False name=['libselinux-python'] bugfix=False list=None disable_gpg_check=False conf_file=None install_repoquery=True validate_certs=True state=latest disablerepo=None update_cache=False disable_plugin=[] enablerepo=None exclude=None security=False update_only=False enable_plugin=[] installroot=/ skip_broken=False
Jun 10 15:04:00 localhost ansible-selinux: Invoked with policy=None configfile=/etc/selinux/config state=disabled
Jun 10 15:04:00 localhost ansible-selinux: [WARNING] SELinux state change will take effect next reboot
Jun 10 15:04:03 localhost ansible-file: Invoked with directory_mode=None force=False remote_src=None _original_basename=None path=/etc/localtime owner=None follow=True group=None unsafe_writes=None serole=None content=NOT_LOGGING_PARAMETER state=absent setype=None selevel=None regexp=None src=None seuser=None recurse=False _diff_peek=None delimiter=None mode=None attributes=None backup=None
Jun 10 15:04:04 localhost ansible-file: Invoked with directory_mode=None force=True remote_src=None _original_basename=None path=/etc/localtime owner=None follow=True group=None unsafe_writes=None state=link content=NOT_LOGGING_PARAMETER serole=None setype=None dest=/etc/localtime selevel=None regexp=None src=/usr/share/zoneinfo/Asia/Tokyo seuser=None recurse=False _diff_peek=None delimiter=None mode=0644 attributes=None backup=None
Jun 10 15:04:08 localhost ansible-lineinfile: Invoked with directory_mode=None force=None remote_src=None backrefs=False insertafter=None path=/etc/sysconfig/i18n owner=None follow=False line=LANG="ja_JP.UTF-8" group=None insertbefore=None unsafe_writes=None create=False state=present content=NOT_LOGGING_PARAMETER serole=None setype=None dest=/etc/sysconfig/i18n selevel=None regexp=^LANG= validate=None src=None seuser=None delimiter=None mode=None firstmatch=False attributes=None backup=False
Jun 10 15:04:12 localhost ansible-command: Invoked with warn=True executable=None _uses_shell=False _raw_params=rpm -Uvh --force http://rpms.famillecollet.com/enterprise/remi-release-6.rpm removes=None argv=None creates=None chdir=None stdin=None
Jun 10 15:04:12 localhost ansible-command: [WARNING] Consider using the yum, dnf or zypper module rather than running rpm.  If you need to use command because yum, dnf or zypper is insufficient you can add warn=False to this command task or set command_warnings=False in ansible.cfg to get rid of this message.
Jun 10 15:04:17 localhost ansible-yum: Invoked with allow_downgrade=False name=['man'] bugfix=False list=None disable_gpg_check=False conf_file=None install_repoquery=True validate_certs=True state=latest disablerepo=None update_cache=False disable_plugin=[] enablerepo=None exclude=None security=False update_only=False enable_plugin=[] installroot=/ skip_broken=False
Jun 10 15:04:30 localhost ansible-yum: Invoked with allow_downgrade=False name=['httpd'] bugfix=False list=None disable_gpg_check=False conf_file=None install_repoquery=True validate_certs=True state=latest disablerepo=None update_cache=False disable_plugin=[] enablerepo=None exclude=None security=False update_only=False enable_plugin=[] installroot=/ skip_broken=False
Jun 10 15:04:42 localhost ansible-service: Invoked with name=httpd pattern=None enabled=True state=started sleep=None arguments= runlevel=default
Jun 10 15:04:44 localhost ansible-file: Invoked with directory_mode=None force=False remote_src=None _original_basename=None path=/var/www/html owner=vagrant follow=True group=None unsafe_writes=None serole=None content=NOT_LOGGING_PARAMETER state=None setype=None dest=/var/www/html selevel=None regexp=None src=None seuser=None recurse=True _diff_peek=None delimiter=None mode=None attributes=None backup=None
Jun 10 15:04:47 localhost ansible-stat: Invoked with checksum_algorithm=sha1 get_checksum=True follow=False checksum_algo=sha1 path=/etc/httpd/conf/httpd.conf get_md5=None get_mime=True get_attributes=True
Jun 10 15:04:48 localhost ansible-file: Invoked with directory_mode=None force=False remote_src=None _original_basename=httpd.conf.custom path=/etc/httpd/conf/httpd.conf owner=None follow=True group=None unsafe_writes=None state=file content=NOT_LOGGING_PARAMETER serole=None setype=None dest=/etc/httpd/conf/httpd.conf selevel=None regexp=None src=None seuser=None recurse=False _diff_peek=None delimiter=None mode=None attributes=None backup=None
Jun 10 15:04:51 localhost ansible-yum: Invoked with allow_downgrade=False name=['gd-last'] bugfix=False list=None disable_gpg_check=False conf_file=None install_repoquery=True validate_certs=True state=latest disablerepo=None update_cache=False disable_plugin=[] enablerepo=remi exclude=None security=False update_only=False enable_plugin=[] installroot=/ skip_broken=False
